2022-06-29 10:56:44,024 INFO  [restartedMain] OkkioApplication: Starting OkkioApplication using Java 13.0.8 on Ais-MacBook-Pro.local with PID 55360 (/Users/aitd/IdeaProjects/okkio-be/okkio-api/target/classes started by aitd in /Users/aitd/IdeaProjects/okkio-be)
2022-06-29 10:56:44,031 INFO  [restartedMain] OkkioApplication: The following profiles are active: swagger,dev
2022-06-29 10:56:44,104 INFO  [restartedMain] DevToolsPropertyDefaultsPostProcessor: Devtools property defaults active! Set 'spring.devtools.add-properties' to 'false' to disable
2022-06-29 10:56:44,105 INFO  [restartedMain] DevToolsPropertyDefaultsPostProcessor: For additional web related logging consider setting the 'logging.level.web' property to 'DEBUG'
2022-06-29 10:56:45,712 INFO  [restartedMain] RepositoryConfigurationDelegate: Multiple Spring Data modules found, entering strict repository configuration mode!
2022-06-29 10:56:45,715 INFO  [restartedMain] RepositoryConfigurationDelegate: Bootstrapping Spring Data JPA repositories in DEFAULT mode.
2022-06-29 10:56:45,869 INFO  [restartedMain] RepositoryConfigurationDelegate: Finished Spring Data repository scanning in 149 ms. Found 7 JPA repository interfaces.
2022-06-29 10:56:45,898 INFO  [restartedMain] RepositoryConfigurationDelegate: Multiple Spring Data modules found, entering strict repository configuration mode!
2022-06-29 10:56:45,899 INFO  [restartedMain] RepositoryConfigurationDelegate: Bootstrapping Spring Data Redis repositories in DEFAULT mode.
2022-06-29 10:56:45,920 INFO  [restartedMain] RepositoryConfigurationExtensionSupport: Spring Data Redis - Could not safely identify store assignment for repository candidate interface io.okkio.repository.CategoryRepository. If you want this repository to be a Redis repository, consider annotating your entities with one of these annotations: org.springframework.data.redis.core.RedisHash (preferred), or consider extending one of the following types with your repository: org.springframework.data.keyvalue.repository.KeyValueRepository.
2022-06-29 10:56:45,923 INFO  [restartedMain] RepositoryConfigurationExtensionSupport: Spring Data Redis - Could not safely identify store assignment for repository candidate interface io.okkio.repository.ProductDetailRepository. If you want this repository to be a Redis repository, consider annotating your entities with one of these annotations: org.springframework.data.redis.core.RedisHash (preferred), or consider extending one of the following types with your repository: org.springframework.data.keyvalue.repository.KeyValueRepository.
2022-06-29 10:56:45,925 INFO  [restartedMain] RepositoryConfigurationExtensionSupport: Spring Data Redis - Could not safely identify store assignment for repository candidate interface io.okkio.repository.ProductRepository. If you want this repository to be a Redis repository, consider annotating your entities with one of these annotations: org.springframework.data.redis.core.RedisHash (preferred), or consider extending one of the following types with your repository: org.springframework.data.keyvalue.repository.KeyValueRepository.
2022-06-29 10:56:45,927 INFO  [restartedMain] RepositoryConfigurationExtensionSupport: Spring Data Redis - Could not safely identify store assignment for repository candidate interface io.okkio.repository.RefreshTokenRepository. If you want this repository to be a Redis repository, consider annotating your entities with one of these annotations: org.springframework.data.redis.core.RedisHash (preferred), or consider extending one of the following types with your repository: org.springframework.data.keyvalue.repository.KeyValueRepository.
2022-06-29 10:56:45,928 INFO  [restartedMain] RepositoryConfigurationExtensionSupport: Spring Data Redis - Could not safely identify store assignment for repository candidate interface io.okkio.repository.RoleRepository. If you want this repository to be a Redis repository, consider annotating your entities with one of these annotations: org.springframework.data.redis.core.RedisHash (preferred), or consider extending one of the following types with your repository: org.springframework.data.keyvalue.repository.KeyValueRepository.
2022-06-29 10:56:45,929 INFO  [restartedMain] RepositoryConfigurationExtensionSupport: Spring Data Redis - Could not safely identify store assignment for repository candidate interface io.okkio.repository.UserRepository. If you want this repository to be a Redis repository, consider annotating your entities with one of these annotations: org.springframework.data.redis.core.RedisHash (preferred), or consider extending one of the following types with your repository: org.springframework.data.keyvalue.repository.KeyValueRepository.
2022-06-29 10:56:45,930 INFO  [restartedMain] RepositoryConfigurationExtensionSupport: Spring Data Redis - Could not safely identify store assignment for repository candidate interface io.okkio.repository.UtilRepository. If you want this repository to be a Redis repository, consider annotating your entities with one of these annotations: org.springframework.data.redis.core.RedisHash (preferred), or consider extending one of the following types with your repository: org.springframework.data.keyvalue.repository.KeyValueRepository.
2022-06-29 10:56:45,930 INFO  [restartedMain] RepositoryConfigurationDelegate: Finished Spring Data repository scanning in 25 ms. Found 0 Redis repository interfaces.
2022-06-29 10:56:46,463 INFO  [restartedMain] PostProcessorRegistrationDelegate$BeanPostProcessorChecker: Bean 'org.springframework.security.access.expression.method.DefaultMethodSecurityExpressionHandler@3312f56b' of type [org.springframework.security.access.expression.method.DefaultMethodSecurityExpressionHandler] is not eligible for getting processed by all BeanPostProcessors (for example: not eligible for auto-proxying)
2022-06-29 10:56:46,473 INFO  [restartedMain] PostProcessorRegistrationDelegate$BeanPostProcessorChecker: Bean 'methodSecurityMetadataSource' of type [org.springframework.security.access.method.DelegatingMethodSecurityMetadataSource] is not eligible for getting processed by all BeanPostProcessors (for example: not eligible for auto-proxying)
2022-06-29 10:56:46,737 INFO  [restartedMain] TomcatWebServer: Tomcat initialized with port(s): 8092 (http)
2022-06-29 10:56:46,743 INFO  [restartedMain] StandardService: Starting service [Tomcat]
2022-06-29 10:56:46,743 INFO  [restartedMain] StandardEngine: Starting Servlet engine: [Apache Tomcat/9.0.52]
2022-06-29 10:56:46,811 INFO  [restartedMain] [/]: Initializing Spring embedded WebApplicationContext
2022-06-29 10:56:46,812 INFO  [restartedMain] ServletWebServerApplicationContext: Root WebApplicationContext: initialization completed in 2707 ms
2022-06-29 10:56:47,336 INFO  [restartedMain] HikariDataSource: HikariPool-1 - Starting...
2022-06-29 10:56:47,784 INFO  [restartedMain] HikariDataSource: HikariPool-1 - Start completed.
2022-06-29 10:56:48,670 INFO  [restartedMain] LocalContainerEntityManagerFactoryBean: Initialized JPA EntityManagerFactory for persistence unit 'default'
2022-06-29 10:56:48,779 WARN  [restartedMain] JpaBaseConfiguration$JpaWebConfiguration: spring.jpa.open-in-view is enabled by default. Therefore, database queries may be performed during view rendering. Explicitly configure spring.jpa.open-in-view to disable this warning
2022-06-29 10:56:50,489 INFO  [restartedMain] PropertySourcedRequestMappingHandlerMapping: Mapped URL path [/v2/api-docs] onto method [springfox.documentation.swagger2.web.Swagger2Controller#getDocumentation(String, HttpServletRequest)]
2022-06-29 10:56:50,553 INFO  [restartedMain] UserDetailsServiceAutoConfiguration: 

Using generated security password: 00056390-03cf-4aef-97b1-4aa0461301dd

2022-06-29 10:56:50,622 INFO  [restartedMain] DefaultSecurityFilterChain: Will secure any request with [org.springframework.security.web.context.request.async.WebAsyncManagerIntegrationFilter@e0fc815, org.springframework.security.web.context.SecurityContextPersistenceFilter@900270c, org.springframework.security.web.header.HeaderWriterFilter@3b5045b3, org.springframework.web.filter.CorsFilter@14c45066, org.springframework.security.web.authentication.logout.LogoutFilter@58b123b2, io.okkio.security.JwtAuthenticationFilter@51730289, org.springframework.security.web.savedrequest.RequestCacheAwareFilter@7a8f5a7c, org.springframework.security.web.servletapi.SecurityContextHolderAwareRequestFilter@4f9cea62, org.springframework.security.web.authentication.AnonymousAuthenticationFilter@132fa274, org.springframework.security.web.session.SessionManagementFilter@711a4a75, org.springframework.security.web.access.ExceptionTranslationFilter@481e1b6c, org.springframework.security.web.access.intercept.FilterSecurityInterceptor@566ad38e]
2022-06-29 10:56:50,784 INFO  [restartedMain] OptionalLiveReloadServer: LiveReload server is running on port 35729
2022-06-29 10:56:50,892 WARN  [restartedMain] ThymeleafAutoConfiguration$DefaultTemplateResolverConfiguration: Cannot find template location: classpath:/templates/ (please add some templates or check your Thymeleaf configuration)
2022-06-29 10:56:51,386 INFO  [restartedMain] TomcatWebServer: Tomcat started on port(s): 8092 (http) with context path ''
2022-06-29 10:56:51,388 INFO  [restartedMain] DocumentationPluginsBootstrapper: Context refreshed
2022-06-29 10:56:51,398 INFO  [restartedMain] DocumentationPluginsBootstrapper: Found 1 custom documentation plugin(s)
2022-06-29 10:56:51,441 INFO  [restartedMain] ApiListingReferenceScanner: Scanning for api listing references
2022-06-29 10:56:51,692 INFO  [restartedMain] CachingOperationNameGenerator: Generating unique operation named: addUsingPOST_1
2022-06-29 10:56:51,697 INFO  [restartedMain] CachingOperationNameGenerator: Generating unique operation named: deleteUsingDELETE_1
2022-06-29 10:56:51,700 INFO  [restartedMain] CachingOperationNameGenerator: Generating unique operation named: updateUsingPUT_1
2022-06-29 10:56:51,715 INFO  [restartedMain] CachingOperationNameGenerator: Generating unique operation named: addUsingPOST_2
2022-06-29 10:56:51,720 INFO  [restartedMain] CachingOperationNameGenerator: Generating unique operation named: deleteUsingDELETE_2
2022-06-29 10:56:51,725 INFO  [restartedMain] CachingOperationNameGenerator: Generating unique operation named: updateUsingPUT_2
2022-06-29 10:56:51,739 INFO  [restartedMain] CachingOperationNameGenerator: Generating unique operation named: insertUsingPOST_1
2022-06-29 10:56:51,742 INFO  [restartedMain] CachingOperationNameGenerator: Generating unique operation named: addUsingPOST_3
2022-06-29 10:56:51,748 INFO  [restartedMain] CachingOperationNameGenerator: Generating unique operation named: deleteUsingDELETE_3
2022-06-29 10:56:51,751 INFO  [restartedMain] CachingOperationNameGenerator: Generating unique operation named: updateUsingPUT_3
2022-06-29 10:56:51,779 INFO  [restartedMain] OkkioApplication: Started OkkioApplication in 8.344 seconds (JVM running for 10.029)
2022-06-29 10:57:03,311 INFO  [http-nio-8092-exec-2] [/]: Initializing Spring DispatcherServlet 'dispatcherServlet'
2022-06-29 10:57:03,316 INFO  [http-nio-8092-exec-2] DispatcherServlet: Initializing Servlet 'dispatcherServlet'
2022-06-29 10:57:03,323 INFO  [http-nio-8092-exec-2] DispatcherServlet: Completed initialization in 7 ms
2022-06-29 11:24:51,169 WARN  [HikariPool-1 housekeeper] HikariPool: HikariPool-1 - Thread starvation or clock leap detected (housekeeper delta=3m2s973ms).
