2022-06-30 11:01:08,635 INFO  [restartedMain] OkkioApplication: Starting OkkioApplication using Java 13.0.8 on Ais-MacBook-Pro.local with PID 57664 (/Users/aitd/IdeaProjects/okkio-be/okkio-api/target/classes started by aitd in /Users/aitd/IdeaProjects/okkio-be)
2022-06-30 11:01:08,656 INFO  [restartedMain] OkkioApplication: The following profiles are active: swagger,dev
2022-06-30 11:01:08,822 INFO  [restartedMain] DevToolsPropertyDefaultsPostProcessor: Devtools property defaults active! Set 'spring.devtools.add-properties' to 'false' to disable
2022-06-30 11:01:08,824 INFO  [restartedMain] DevToolsPropertyDefaultsPostProcessor: For additional web related logging consider setting the 'logging.level.web' property to 'DEBUG'
2022-06-30 11:01:12,189 INFO  [restartedMain] RepositoryConfigurationDelegate: Multiple Spring Data modules found, entering strict repository configuration mode!
2022-06-30 11:01:12,194 INFO  [restartedMain] RepositoryConfigurationDelegate: Bootstrapping Spring Data JPA repositories in DEFAULT mode.
2022-06-30 11:01:13,227 INFO  [restartedMain] RepositoryConfigurationDelegate: Finished Spring Data repository scanning in 1025 ms. Found 7 JPA repository interfaces.
2022-06-30 11:01:13,339 INFO  [restartedMain] RepositoryConfigurationDelegate: Multiple Spring Data modules found, entering strict repository configuration mode!
2022-06-30 11:01:13,341 INFO  [restartedMain] RepositoryConfigurationDelegate: Bootstrapping Spring Data Redis repositories in DEFAULT mode.
2022-06-30 11:01:13,384 INFO  [restartedMain] RepositoryConfigurationExtensionSupport: Spring Data Redis - Could not safely identify store assignment for repository candidate interface io.okkio.repository.CategoryRepository. If you want this repository to be a Redis repository, consider annotating your entities with one of these annotations: org.springframework.data.redis.core.RedisHash (preferred), or consider extending one of the following types with your repository: org.springframework.data.keyvalue.repository.KeyValueRepository.
2022-06-30 11:01:13,390 INFO  [restartedMain] RepositoryConfigurationExtensionSupport: Spring Data Redis - Could not safely identify store assignment for repository candidate interface io.okkio.repository.ProductDetailRepository. If you want this repository to be a Redis repository, consider annotating your entities with one of these annotations: org.springframework.data.redis.core.RedisHash (preferred), or consider extending one of the following types with your repository: org.springframework.data.keyvalue.repository.KeyValueRepository.
2022-06-30 11:01:13,393 INFO  [restartedMain] RepositoryConfigurationExtensionSupport: Spring Data Redis - Could not safely identify store assignment for repository candidate interface io.okkio.repository.ProductRepository. If you want this repository to be a Redis repository, consider annotating your entities with one of these annotations: org.springframework.data.redis.core.RedisHash (preferred), or consider extending one of the following types with your repository: org.springframework.data.keyvalue.repository.KeyValueRepository.
2022-06-30 11:01:13,394 INFO  [restartedMain] RepositoryConfigurationExtensionSupport: Spring Data Redis - Could not safely identify store assignment for repository candidate interface io.okkio.repository.RefreshTokenRepository. If you want this repository to be a Redis repository, consider annotating your entities with one of these annotations: org.springframework.data.redis.core.RedisHash (preferred), or consider extending one of the following types with your repository: org.springframework.data.keyvalue.repository.KeyValueRepository.
2022-06-30 11:01:13,399 INFO  [restartedMain] RepositoryConfigurationExtensionSupport: Spring Data Redis - Could not safely identify store assignment for repository candidate interface io.okkio.repository.RoleRepository. If you want this repository to be a Redis repository, consider annotating your entities with one of these annotations: org.springframework.data.redis.core.RedisHash (preferred), or consider extending one of the following types with your repository: org.springframework.data.keyvalue.repository.KeyValueRepository.
2022-06-30 11:01:13,401 INFO  [restartedMain] RepositoryConfigurationExtensionSupport: Spring Data Redis - Could not safely identify store assignment for repository candidate interface io.okkio.repository.UserRepository. If you want this repository to be a Redis repository, consider annotating your entities with one of these annotations: org.springframework.data.redis.core.RedisHash (preferred), or consider extending one of the following types with your repository: org.springframework.data.keyvalue.repository.KeyValueRepository.
2022-06-30 11:01:13,401 INFO  [restartedMain] RepositoryConfigurationExtensionSupport: Spring Data Redis - Could not safely identify store assignment for repository candidate interface io.okkio.repository.UtilRepository. If you want this repository to be a Redis repository, consider annotating your entities with one of these annotations: org.springframework.data.redis.core.RedisHash (preferred), or consider extending one of the following types with your repository: org.springframework.data.keyvalue.repository.KeyValueRepository.
2022-06-30 11:01:13,403 INFO  [restartedMain] RepositoryConfigurationDelegate: Finished Spring Data repository scanning in 48 ms. Found 0 Redis repository interfaces.
2022-06-30 11:01:16,342 INFO  [restartedMain] PostProcessorRegistrationDelegate$BeanPostProcessorChecker: Bean 'org.springframework.security.access.expression.method.DefaultMethodSecurityExpressionHandler@51199f5c' of type [org.springframework.security.access.expression.method.DefaultMethodSecurityExpressionHandler] is not eligible for getting processed by all BeanPostProcessors (for example: not eligible for auto-proxying)
2022-06-30 11:01:16,364 INFO  [restartedMain] PostProcessorRegistrationDelegate$BeanPostProcessorChecker: Bean 'methodSecurityMetadataSource' of type [org.springframework.security.access.method.DelegatingMethodSecurityMetadataSource] is not eligible for getting processed by all BeanPostProcessors (for example: not eligible for auto-proxying)
2022-06-30 11:01:17,768 INFO  [restartedMain] TomcatWebServer: Tomcat initialized with port(s): 8092 (http)
2022-06-30 11:01:17,792 INFO  [restartedMain] StandardService: Starting service [Tomcat]
2022-06-30 11:01:17,793 INFO  [restartedMain] StandardEngine: Starting Servlet engine: [Apache Tomcat/9.0.52]
2022-06-30 11:01:18,019 INFO  [restartedMain] [/]: Initializing Spring embedded WebApplicationContext
2022-06-30 11:01:18,020 INFO  [restartedMain] ServletWebServerApplicationContext: Root WebApplicationContext: initialization completed in 9196 ms
2022-06-30 11:01:19,644 INFO  [restartedMain] HikariDataSource: HikariPool-1 - Starting...
2022-06-30 11:01:20,569 INFO  [restartedMain] HikariDataSource: HikariPool-1 - Start completed.
2022-06-30 11:01:23,648 INFO  [restartedMain] LocalContainerEntityManagerFactoryBean: Initialized JPA EntityManagerFactory for persistence unit 'default'
2022-06-30 11:01:23,910 WARN  [restartedMain] JpaBaseConfiguration$JpaWebConfiguration: spring.jpa.open-in-view is enabled by default. Therefore, database queries may be performed during view rendering. Explicitly configure spring.jpa.open-in-view to disable this warning
2022-06-30 11:01:28,054 INFO  [restartedMain] PropertySourcedRequestMappingHandlerMapping: Mapped URL path [/v2/api-docs] onto method [springfox.documentation.swagger2.web.Swagger2Controller#getDocumentation(String, HttpServletRequest)]
2022-06-30 11:01:28,298 INFO  [restartedMain] UserDetailsServiceAutoConfiguration: 

Using generated security password: a831961d-4c42-4840-b7c9-ee1f90795767

2022-06-30 11:01:28,553 INFO  [restartedMain] DefaultSecurityFilterChain: Will secure any request with [org.springframework.security.web.context.request.async.WebAsyncManagerIntegrationFilter@244de683, org.springframework.security.web.context.SecurityContextPersistenceFilter@4aa48535, org.springframework.security.web.header.HeaderWriterFilter@303d17c2, org.springframework.web.filter.CorsFilter@7573482e, org.springframework.security.web.authentication.logout.LogoutFilter@2e1d749a, io.okkio.security.JwtAuthenticationFilter@566ad38e, org.springframework.security.web.savedrequest.RequestCacheAwareFilter@3c8b9202, org.springframework.security.web.servletapi.SecurityContextHolderAwareRequestFilter@4edd1825, org.springframework.security.web.authentication.AnonymousAuthenticationFilter@2a9608ea, org.springframework.security.web.session.SessionManagementFilter@7f612ada, org.springframework.security.web.access.ExceptionTranslationFilter@549fc16c, org.springframework.security.web.access.intercept.FilterSecurityInterceptor@6b897d7f]
2022-06-30 11:01:29,138 INFO  [restartedMain] OptionalLiveReloadServer: LiveReload server is running on port 35729
2022-06-30 11:01:29,779 WARN  [restartedMain] ThymeleafAutoConfiguration$DefaultTemplateResolverConfiguration: Cannot find template location: classpath:/templates/ (please add some templates or check your Thymeleaf configuration)
2022-06-30 11:01:31,294 INFO  [restartedMain] TomcatWebServer: Tomcat started on port(s): 8092 (http) with context path ''
2022-06-30 11:01:31,305 INFO  [restartedMain] DocumentationPluginsBootstrapper: Context refreshed
2022-06-30 11:01:31,328 INFO  [restartedMain] DocumentationPluginsBootstrapper: Found 1 custom documentation plugin(s)
2022-06-30 11:01:31,469 INFO  [restartedMain] ApiListingReferenceScanner: Scanning for api listing references
2022-06-30 11:01:32,404 INFO  [restartedMain] CachingOperationNameGenerator: Generating unique operation named: addUsingPOST_1
2022-06-30 11:01:32,409 INFO  [restartedMain] CachingOperationNameGenerator: Generating unique operation named: deleteUsingDELETE_1
2022-06-30 11:01:32,426 INFO  [restartedMain] CachingOperationNameGenerator: Generating unique operation named: updateUsingPUT_1
2022-06-30 11:01:32,470 INFO  [restartedMain] CachingOperationNameGenerator: Generating unique operation named: addUsingPOST_2
2022-06-30 11:01:32,484 INFO  [restartedMain] CachingOperationNameGenerator: Generating unique operation named: deleteUsingDELETE_2
2022-06-30 11:01:32,503 INFO  [restartedMain] CachingOperationNameGenerator: Generating unique operation named: updateUsingPUT_2
2022-06-30 11:01:32,539 INFO  [restartedMain] CachingOperationNameGenerator: Generating unique operation named: insertUsingPOST_1
2022-06-30 11:01:32,548 INFO  [restartedMain] CachingOperationNameGenerator: Generating unique operation named: addUsingPOST_3
2022-06-30 11:01:32,570 INFO  [restartedMain] CachingOperationNameGenerator: Generating unique operation named: deleteUsingDELETE_3
2022-06-30 11:01:32,588 INFO  [restartedMain] CachingOperationNameGenerator: Generating unique operation named: updateUsingPUT_3
2022-06-30 11:01:32,644 INFO  [restartedMain] OkkioApplication: Started OkkioApplication in 25.676 seconds (JVM running for 28.095)
2022-06-30 12:15:28,954 WARN  [HikariPool-1 housekeeper] HikariPool: HikariPool-1 - Thread starvation or clock leap detected (housekeeper delta=23m37s813ms).
