2022-06-27 10:26:35,452 INFO  [restartedMain] OkkioApplication: Starting OkkioApplication using Java 13.0.8 on Ais-MacBook-Pro.local with PID 44337 (/Users/aitd/IdeaProjects/okkio-be/okkio-api/target/classes started by aitd in /Users/aitd/IdeaProjects/okkio-be)
2022-06-27 10:26:35,457 INFO  [restartedMain] OkkioApplication: The following profiles are active: swagger,dev
2022-06-27 10:26:35,517 INFO  [restartedMain] DevToolsPropertyDefaultsPostProcessor: Devtools property defaults active! Set 'spring.devtools.add-properties' to 'false' to disable
2022-06-27 10:26:35,517 INFO  [restartedMain] DevToolsPropertyDefaultsPostProcessor: For additional web related logging consider setting the 'logging.level.web' property to 'DEBUG'
2022-06-27 10:26:36,738 INFO  [restartedMain] RepositoryConfigurationDelegate: Multiple Spring Data modules found, entering strict repository configuration mode!
2022-06-27 10:26:36,740 INFO  [restartedMain] RepositoryConfigurationDelegate: Bootstrapping Spring Data JPA repositories in DEFAULT mode.
2022-06-27 10:26:36,845 INFO  [restartedMain] RepositoryConfigurationDelegate: Finished Spring Data repository scanning in 100 ms. Found 4 JPA repository interfaces.
2022-06-27 10:26:36,870 INFO  [restartedMain] RepositoryConfigurationDelegate: Multiple Spring Data modules found, entering strict repository configuration mode!
2022-06-27 10:26:36,871 INFO  [restartedMain] RepositoryConfigurationDelegate: Bootstrapping Spring Data Redis repositories in DEFAULT mode.
2022-06-27 10:26:36,885 INFO  [restartedMain] RepositoryConfigurationExtensionSupport: Spring Data Redis - Could not safely identify store assignment for repository candidate interface io.okkio.repository.CategoryRepository. If you want this repository to be a Redis repository, consider annotating your entities with one of these annotations: org.springframework.data.redis.core.RedisHash (preferred), or consider extending one of the following types with your repository: org.springframework.data.keyvalue.repository.KeyValueRepository.
2022-06-27 10:26:36,890 INFO  [restartedMain] RepositoryConfigurationExtensionSupport: Spring Data Redis - Could not safely identify store assignment for repository candidate interface io.okkio.repository.RefreshTokenRepository. If you want this repository to be a Redis repository, consider annotating your entities with one of these annotations: org.springframework.data.redis.core.RedisHash (preferred), or consider extending one of the following types with your repository: org.springframework.data.keyvalue.repository.KeyValueRepository.
2022-06-27 10:26:36,892 INFO  [restartedMain] RepositoryConfigurationExtensionSupport: Spring Data Redis - Could not safely identify store assignment for repository candidate interface io.okkio.repository.RoleRepository. If you want this repository to be a Redis repository, consider annotating your entities with one of these annotations: org.springframework.data.redis.core.RedisHash (preferred), or consider extending one of the following types with your repository: org.springframework.data.keyvalue.repository.KeyValueRepository.
2022-06-27 10:26:36,893 INFO  [restartedMain] RepositoryConfigurationExtensionSupport: Spring Data Redis - Could not safely identify store assignment for repository candidate interface io.okkio.repository.UserRepository. If you want this repository to be a Redis repository, consider annotating your entities with one of these annotations: org.springframework.data.redis.core.RedisHash (preferred), or consider extending one of the following types with your repository: org.springframework.data.keyvalue.repository.KeyValueRepository.
2022-06-27 10:26:36,893 INFO  [restartedMain] RepositoryConfigurationDelegate: Finished Spring Data repository scanning in 16 ms. Found 0 Redis repository interfaces.
2022-06-27 10:26:37,429 INFO  [restartedMain] PostProcessorRegistrationDelegate$BeanPostProcessorChecker: Bean 'org.springframework.security.access.expression.method.DefaultMethodSecurityExpressionHandler@f8bcc26' of type [org.springframework.security.access.expression.method.DefaultMethodSecurityExpressionHandler] is not eligible for getting processed by all BeanPostProcessors (for example: not eligible for auto-proxying)
2022-06-27 10:26:37,445 INFO  [restartedMain] PostProcessorRegistrationDelegate$BeanPostProcessorChecker: Bean 'methodSecurityMetadataSource' of type [org.springframework.security.access.method.DelegatingMethodSecurityMetadataSource] is not eligible for getting processed by all BeanPostProcessors (for example: not eligible for auto-proxying)
2022-06-27 10:26:37,715 INFO  [restartedMain] TomcatWebServer: Tomcat initialized with port(s): 8092 (http)
2022-06-27 10:26:37,721 INFO  [restartedMain] StandardService: Starting service [Tomcat]
2022-06-27 10:26:37,721 INFO  [restartedMain] StandardEngine: Starting Servlet engine: [Apache Tomcat/9.0.52]
2022-06-27 10:26:37,795 INFO  [restartedMain] [/]: Initializing Spring embedded WebApplicationContext
2022-06-27 10:26:37,795 INFO  [restartedMain] ServletWebServerApplicationContext: Root WebApplicationContext: initialization completed in 2278 ms
2022-06-27 10:26:38,315 INFO  [restartedMain] HikariDataSource: HikariPool-1 - Starting...
2022-06-27 10:26:38,759 INFO  [restartedMain] HikariDataSource: HikariPool-1 - Start completed.
2022-06-27 10:26:39,649 INFO  [restartedMain] LocalContainerEntityManagerFactoryBean: Initialized JPA EntityManagerFactory for persistence unit 'default'
2022-06-27 10:26:39,741 WARN  [restartedMain] JpaBaseConfiguration$JpaWebConfiguration: spring.jpa.open-in-view is enabled by default. Therefore, database queries may be performed during view rendering. Explicitly configure spring.jpa.open-in-view to disable this warning
2022-06-27 10:26:41,010 WARN  [restartedMain] AnnotationConfigServletWebServerApplicationContext: Exception encountered during context initialization - cancelling refresh attempt: org.springframework.beans.factory.UnsatisfiedDependencyException: Error creating bean with name 'documentationPluginsBootstrapper' defined in URL [jar:file:/Users/aitd/.m2/repository/io/springfox/springfox-spring-web/2.9.2/springfox-spring-web-2.9.2.jar!/springfox/documentation/spring/web/plugins/DocumentationPluginsBootstrapper.class]: Unsatisfied dependency expressed through constructor parameter 1; nested exception is org.springframework.beans.factory.UnsatisfiedDependencyException: Error creating bean with name 'webMvcRequestHandlerProvider' defined in URL [jar:file:/Users/aitd/.m2/repository/io/springfox/springfox-spring-web/2.9.2/springfox-spring-web-2.9.2.jar!/springfox/documentation/spring/web/plugins/WebMvcRequestHandlerProvider.class]: Unsatisfied dependency expressed through constructor parameter 1; nested exception is org.springframework.beans.factory.BeanCreationException: Error creating bean with name 'requestMappingHandlerMapping' defined in class path resource [org/springframework/boot/autoconfigure/web/servlet/WebMvcAutoConfiguration$EnableWebMvcConfiguration.class]: Invocation of init method failed; nested exception is java.lang.IllegalStateException: Ambiguous mapping. Cannot map 'categoryController' method 
io.okkio.controllers.CategoryController#update(RequestCategoryDto)
to {POST [/api/categories]}: There is already 'categoryController' bean method
io.okkio.controllers.CategoryController#add(RequestCategoryDto) mapped.
2022-06-27 10:26:41,014 INFO  [restartedMain] LocalContainerEntityManagerFactoryBean: Closing JPA EntityManagerFactory for persistence unit 'default'
2022-06-27 10:26:41,015 INFO  [restartedMain] HikariDataSource: HikariPool-1 - Shutdown initiated...
2022-06-27 10:26:41,036 INFO  [restartedMain] HikariDataSource: HikariPool-1 - Shutdown completed.
2022-06-27 10:26:41,187 INFO  [restartedMain] StandardService: Stopping service [Tomcat]
2022-06-27 10:26:41,216 INFO  [restartedMain] ConditionEvaluationReportLoggingListener: 

Error starting ApplicationContext. To display the conditions report re-run your application with 'debug' enabled.
2022-06-27 10:26:41,241 ERROR [restartedMain] SpringApplication: Application run failed
org.springframework.beans.factory.UnsatisfiedDependencyException: Error creating bean with name 'documentationPluginsBootstrapper' defined in URL [jar:file:/Users/aitd/.m2/repository/io/springfox/springfox-spring-web/2.9.2/springfox-spring-web-2.9.2.jar!/springfox/documentation/spring/web/plugins/DocumentationPluginsBootstrapper.class]: Unsatisfied dependency expressed through constructor parameter 1; nested exception is org.springframework.beans.factory.UnsatisfiedDependencyException: Error creating bean with name 'webMvcRequestHandlerProvider' defined in URL [jar:file:/Users/aitd/.m2/repository/io/springfox/springfox-spring-web/2.9.2/springfox-spring-web-2.9.2.jar!/springfox/documentation/spring/web/plugins/WebMvcRequestHandlerProvider.class]: Unsatisfied dependency expressed through constructor parameter 1; nested exception is org.springframework.beans.factory.BeanCreationException: Error creating bean with name 'requestMappingHandlerMapping' defined in class path resource [org/springframework/boot/autoconfigure/web/servlet/WebMvcAutoConfiguration$EnableWebMvcConfiguration.class]: Invocation of init method failed; nested exception is java.lang.IllegalStateException: Ambiguous mapping. Cannot map 'categoryController' method 
io.okkio.controllers.CategoryController#update(RequestCategoryDto)
to {POST [/api/categories]}: There is already 'categoryController' bean method
io.okkio.controllers.CategoryController#add(RequestCategoryDto) mapped.
	at org.springframework.beans.factory.support.ConstructorResolver.createArgumentArray(ConstructorResolver.java:800)
	at org.springframework.beans.factory.support.ConstructorResolver.autowireConstructor(ConstructorResolver.java:229)
	at org.springframework.beans.factory.support.AbstractAutowireCapableBeanFactory.autowireConstructor(AbstractAutowireCapableBeanFactory.java:1354)
	at org.springframework.beans.factory.support.AbstractAutowireCapableBeanFactory.createBeanInstance(AbstractAutowireCapableBeanFactory.java:1204)
	at org.springframework.beans.factory.support.AbstractAutowireCapableBeanFactory.doCreateBean(AbstractAutowireCapableBeanFactory.java:564)
	at org.springframework.beans.factory.support.AbstractAutowireCapableBeanFactory.createBean(AbstractAutowireCapableBeanFactory.java:524)
	at org.springframework.beans.factory.support.AbstractBeanFactory.lambda$doGetBean$0(AbstractBeanFactory.java:335)
	at org.springframework.beans.factory.support.DefaultSingletonBeanRegistry.getSingleton(DefaultSingletonBeanRegistry.java:234)
	at org.springframework.beans.factory.support.AbstractBeanFactory.doGetBean(AbstractBeanFactory.java:333)
	at org.springframework.beans.factory.support.AbstractBeanFactory.getBean(AbstractBeanFactory.java:208)
	at org.springframework.beans.factory.support.DefaultListableBeanFactory.preInstantiateSingletons(DefaultListableBeanFactory.java:944)
	at org.springframework.context.support.AbstractApplicationContext.finishBeanFactoryInitialization(AbstractApplicationContext.java:918)
	at org.springframework.context.support.AbstractApplicationContext.refresh(AbstractApplicationContext.java:583)
	at org.springframework.boot.web.servlet.context.ServletWebServerApplicationContext.refresh(ServletWebServerApplicationContext.java:145)
	at org.springframework.boot.SpringApplication.refresh(SpringApplication.java:754)
	at org.springframework.boot.SpringApplication.refreshContext(SpringApplication.java:434)
	at org.springframework.boot.SpringApplication.run(SpringApplication.java:338)
	at org.springframework.boot.SpringApplication.run(SpringApplication.java:1343)
	at org.springframework.boot.SpringApplication.run(SpringApplication.java:1332)
	at io.okkio.OkkioApplication.main(OkkioApplication.java:14)
	at java.base/jdk.internal.reflect.NativeMethodAccessorImpl.invoke0(Native Method)
	at java.base/jdk.internal.reflect.NativeMethodAccessorImpl.invoke(NativeMethodAccessorImpl.java:62)
	at java.base/jdk.internal.reflect.DelegatingMethodAccessorImpl.invoke(DelegatingMethodAccessorImpl.java:43)
	at java.base/java.lang.reflect.Method.invoke(Method.java:567)
	at org.springframework.boot.devtools.restart.RestartLauncher.run(RestartLauncher.java:49)
Caused by: org.springframework.beans.factory.UnsatisfiedDependencyException: Error creating bean with name 'webMvcRequestHandlerProvider' defined in URL [jar:file:/Users/aitd/.m2/repository/io/springfox/springfox-spring-web/2.9.2/springfox-spring-web-2.9.2.jar!/springfox/documentation/spring/web/plugins/WebMvcRequestHandlerProvider.class]: Unsatisfied dependency expressed through constructor parameter 1; nested exception is org.springframework.beans.factory.BeanCreationException: Error creating bean with name 'requestMappingHandlerMapping' defined in class path resource [org/springframework/boot/autoconfigure/web/servlet/WebMvcAutoConfiguration$EnableWebMvcConfiguration.class]: Invocation of init method failed; nested exception is java.lang.IllegalStateException: Ambiguous mapping. Cannot map 'categoryController' method 
io.okkio.controllers.CategoryController#update(RequestCategoryDto)
to {POST [/api/categories]}: There is already 'categoryController' bean method
io.okkio.controllers.CategoryController#add(RequestCategoryDto) mapped.
	at org.springframework.beans.factory.support.ConstructorResolver.createArgumentArray(ConstructorResolver.java:800)
	at org.springframework.beans.factory.support.ConstructorResolver.autowireConstructor(ConstructorResolver.java:229)
	at org.springframework.beans.factory.support.AbstractAutowireCapableBeanFactory.autowireConstructor(AbstractAutowireCapableBeanFactory.java:1354)
	at org.springframework.beans.factory.support.AbstractAutowireCapableBeanFactory.createBeanInstance(AbstractAutowireCapableBeanFactory.java:1204)
	at org.springframework.beans.factory.support.AbstractAutowireCapableBeanFactory.doCreateBean(AbstractAutowireCapableBeanFactory.java:564)
	at org.springframework.beans.factory.support.AbstractAutowireCapableBeanFactory.createBean(AbstractAutowireCapableBeanFactory.java:524)
	at org.springframework.beans.factory.support.AbstractBeanFactory.lambda$doGetBean$0(AbstractBeanFactory.java:335)
	at org.springframework.beans.factory.support.DefaultSingletonBeanRegistry.getSingleton(DefaultSingletonBeanRegistry.java:234)
	at org.springframework.beans.factory.support.AbstractBeanFactory.doGetBean(AbstractBeanFactory.java:333)
	at org.springframework.beans.factory.support.AbstractBeanFactory.getBean(AbstractBeanFactory.java:208)
	at org.springframework.beans.factory.config.DependencyDescriptor.resolveCandidate(DependencyDescriptor.java:276)
	at org.springframework.beans.factory.support.DefaultListableBeanFactory.addCandidateEntry(DefaultListableBeanFactory.java:1598)
	at org.springframework.beans.factory.support.DefaultListableBeanFactory.findAutowireCandidates(DefaultListableBeanFactory.java:1562)
	at org.springframework.beans.factory.support.DefaultListableBeanFactory.resolveMultipleBeans(DefaultListableBeanFactory.java:1451)
	at org.springframework.beans.factory.support.DefaultListableBeanFactory.doResolveDependency(DefaultListableBeanFactory.java:1338)
	at org.springframework.beans.factory.support.DefaultListableBeanFactory.resolveDependency(DefaultListableBeanFactory.java:1300)
	at org.springframework.beans.factory.support.ConstructorResolver.resolveAutowiredArgument(ConstructorResolver.java:887)
	at org.springframework.beans.factory.support.ConstructorResolver.createArgumentArray(ConstructorResolver.java:791)
	... 24 common frames omitted
Caused by: org.springframework.beans.factory.BeanCreationException: Error creating bean with name 'requestMappingHandlerMapping' defined in class path resource [org/springframework/boot/autoconfigure/web/servlet/WebMvcAutoConfiguration$EnableWebMvcConfiguration.class]: Invocation of init method failed; nested exception is java.lang.IllegalStateException: Ambiguous mapping. Cannot map 'categoryController' method 
io.okkio.controllers.CategoryController#update(RequestCategoryDto)
to {POST [/api/categories]}: There is already 'categoryController' bean method
io.okkio.controllers.CategoryController#add(RequestCategoryDto) mapped.
	at org.springframework.beans.factory.support.AbstractAutowireCapableBeanFactory.initializeBean(AbstractAutowireCapableBeanFactory.java:1786)
	at org.springframework.beans.factory.support.AbstractAutowireCapableBeanFactory.doCreateBean(AbstractAutowireCapableBeanFactory.java:602)
	at org.springframework.beans.factory.support.AbstractAutowireCapableBeanFactory.createBean(AbstractAutowireCapableBeanFactory.java:524)
	at org.springframework.beans.factory.support.AbstractBeanFactory.lambda$doGetBean$0(AbstractBeanFactory.java:335)
	at org.springframework.beans.factory.support.DefaultSingletonBeanRegistry.getSingleton(DefaultSingletonBeanRegistry.java:234)
	at org.springframework.beans.factory.support.AbstractBeanFactory.doGetBean(AbstractBeanFactory.java:333)
	at org.springframework.beans.factory.support.AbstractBeanFactory.getBean(AbstractBeanFactory.java:208)
	at org.springframework.beans.factory.config.DependencyDescriptor.resolveCandidate(DependencyDescriptor.java:276)
	at org.springframework.beans.factory.support.DefaultListableBeanFactory.addCandidateEntry(DefaultListableBeanFactory.java:1598)
	at org.springframework.beans.factory.support.DefaultListableBeanFactory.findAutowireCandidates(DefaultListableBeanFactory.java:1562)
	at org.springframework.beans.factory.support.DefaultListableBeanFactory.resolveMultipleBeans(DefaultListableBeanFactory.java:1451)
	at org.springframework.beans.factory.support.DefaultListableBeanFactory.doResolveDependency(DefaultListableBeanFactory.java:1338)
	at org.springframework.beans.factory.support.DefaultListableBeanFactory.resolveDependency(DefaultListableBeanFactory.java:1300)
	at org.springframework.beans.factory.support.ConstructorResolver.resolveAutowiredArgument(ConstructorResolver.java:887)
	at org.springframework.beans.factory.support.ConstructorResolver.createArgumentArray(ConstructorResolver.java:791)
	... 41 common frames omitted
Caused by: java.lang.IllegalStateException: Ambiguous mapping. Cannot map 'categoryController' method 
io.okkio.controllers.CategoryController#update(RequestCategoryDto)
to {POST [/api/categories]}: There is already 'categoryController' bean method
io.okkio.controllers.CategoryController#add(RequestCategoryDto) mapped.
	at org.springframework.web.servlet.handler.AbstractHandlerMethodMapping$MappingRegistry.validateMethodMapping(AbstractHandlerMethodMapping.java:665)
	at org.springframework.web.servlet.handler.AbstractHandlerMethodMapping$MappingRegistry.register(AbstractHandlerMethodMapping.java:631)
	at org.springframework.web.servlet.handler.AbstractHandlerMethodMapping.registerHandlerMethod(AbstractHandlerMethodMapping.java:328)
	at org.springframework.web.servlet.mvc.method.annotation.RequestMappingHandlerMapping.registerHandlerMethod(RequestMappingHandlerMapping.java:395)
	at org.springframework.web.servlet.mvc.method.annotation.RequestMappingHandlerMapping.registerHandlerMethod(RequestMappingHandlerMapping.java:76)
	at org.springframework.web.servlet.handler.AbstractHandlerMethodMapping.lambda$detectHandlerMethods$2(AbstractHandlerMethodMapping.java:298)
	at java.base/java.util.LinkedHashMap.forEach(LinkedHashMap.java:684)
	at org.springframework.web.servlet.handler.AbstractHandlerMethodMapping.detectHandlerMethods(AbstractHandlerMethodMapping.java:296)
	at org.springframework.web.servlet.handler.AbstractHandlerMethodMapping.processCandidateBean(AbstractHandlerMethodMapping.java:265)
	at org.springframework.web.servlet.handler.AbstractHandlerMethodMapping.initHandlerMethods(AbstractHandlerMethodMapping.java:224)
	at org.springframework.web.servlet.handler.AbstractHandlerMethodMapping.afterPropertiesSet(AbstractHandlerMethodMapping.java:212)
	at org.springframework.web.servlet.mvc.method.annotation.RequestMappingHandlerMapping.afterPropertiesSet(RequestMappingHandlerMapping.java:206)
	at org.springframework.beans.factory.support.AbstractAutowireCapableBeanFactory.invokeInitMethods(AbstractAutowireCapableBeanFactory.java:1845)
	at org.springframework.beans.factory.support.AbstractAutowireCapableBeanFactory.initializeBean(AbstractAutowireCapableBeanFactory.java:1782)
	... 55 common frames omitted
2022-06-27 10:29:10,052 INFO  [restartedMain] OkkioApplication: Starting OkkioApplication using Java 13.0.8 on Ais-MacBook-Pro.local with PID 44374 (/Users/aitd/IdeaProjects/okkio-be/okkio-api/target/classes started by aitd in /Users/aitd/IdeaProjects/okkio-be)
2022-06-27 10:29:10,057 INFO  [restartedMain] OkkioApplication: The following profiles are active: swagger,dev
2022-06-27 10:29:10,125 INFO  [restartedMain] DevToolsPropertyDefaultsPostProcessor: Devtools property defaults active! Set 'spring.devtools.add-properties' to 'false' to disable
2022-06-27 10:29:10,125 INFO  [restartedMain] DevToolsPropertyDefaultsPostProcessor: For additional web related logging consider setting the 'logging.level.web' property to 'DEBUG'
2022-06-27 10:29:11,507 INFO  [restartedMain] RepositoryConfigurationDelegate: Multiple Spring Data modules found, entering strict repository configuration mode!
2022-06-27 10:29:11,509 INFO  [restartedMain] RepositoryConfigurationDelegate: Bootstrapping Spring Data JPA repositories in DEFAULT mode.
2022-06-27 10:29:11,609 INFO  [restartedMain] RepositoryConfigurationDelegate: Finished Spring Data repository scanning in 95 ms. Found 4 JPA repository interfaces.
2022-06-27 10:29:11,641 INFO  [restartedMain] RepositoryConfigurationDelegate: Multiple Spring Data modules found, entering strict repository configuration mode!
2022-06-27 10:29:11,642 INFO  [restartedMain] RepositoryConfigurationDelegate: Bootstrapping Spring Data Redis repositories in DEFAULT mode.
2022-06-27 10:29:11,655 INFO  [restartedMain] RepositoryConfigurationExtensionSupport: Spring Data Redis - Could not safely identify store assignment for repository candidate interface io.okkio.repository.CategoryRepository. If you want this repository to be a Redis repository, consider annotating your entities with one of these annotations: org.springframework.data.redis.core.RedisHash (preferred), or consider extending one of the following types with your repository: org.springframework.data.keyvalue.repository.KeyValueRepository.
2022-06-27 10:29:11,660 INFO  [restartedMain] RepositoryConfigurationExtensionSupport: Spring Data Redis - Could not safely identify store assignment for repository candidate interface io.okkio.repository.RefreshTokenRepository. If you want this repository to be a Redis repository, consider annotating your entities with one of these annotations: org.springframework.data.redis.core.RedisHash (preferred), or consider extending one of the following types with your repository: org.springframework.data.keyvalue.repository.KeyValueRepository.
2022-06-27 10:29:11,662 INFO  [restartedMain] RepositoryConfigurationExtensionSupport: Spring Data Redis - Could not safely identify store assignment for repository candidate interface io.okkio.repository.RoleRepository. If you want this repository to be a Redis repository, consider annotating your entities with one of these annotations: org.springframework.data.redis.core.RedisHash (preferred), or consider extending one of the following types with your repository: org.springframework.data.keyvalue.repository.KeyValueRepository.
2022-06-27 10:29:11,663 INFO  [restartedMain] RepositoryConfigurationExtensionSupport: Spring Data Redis - Could not safely identify store assignment for repository candidate interface io.okkio.repository.UserRepository. If you want this repository to be a Redis repository, consider annotating your entities with one of these annotations: org.springframework.data.redis.core.RedisHash (preferred), or consider extending one of the following types with your repository: org.springframework.data.keyvalue.repository.KeyValueRepository.
2022-06-27 10:29:11,663 INFO  [restartedMain] RepositoryConfigurationDelegate: Finished Spring Data repository scanning in 16 ms. Found 0 Redis repository interfaces.
2022-06-27 10:29:12,202 INFO  [restartedMain] PostProcessorRegistrationDelegate$BeanPostProcessorChecker: Bean 'org.springframework.security.access.expression.method.DefaultMethodSecurityExpressionHandler@2dd8a51a' of type [org.springframework.security.access.expression.method.DefaultMethodSecurityExpressionHandler] is not eligible for getting processed by all BeanPostProcessors (for example: not eligible for auto-proxying)
2022-06-27 10:29:12,210 INFO  [restartedMain] PostProcessorRegistrationDelegate$BeanPostProcessorChecker: Bean 'methodSecurityMetadataSource' of type [org.springframework.security.access.method.DelegatingMethodSecurityMetadataSource] is not eligible for getting processed by all BeanPostProcessors (for example: not eligible for auto-proxying)
2022-06-27 10:29:12,475 INFO  [restartedMain] TomcatWebServer: Tomcat initialized with port(s): 8092 (http)
2022-06-27 10:29:12,481 INFO  [restartedMain] StandardService: Starting service [Tomcat]
2022-06-27 10:29:12,481 INFO  [restartedMain] StandardEngine: Starting Servlet engine: [Apache Tomcat/9.0.52]
2022-06-27 10:29:12,554 INFO  [restartedMain] [/]: Initializing Spring embedded WebApplicationContext
2022-06-27 10:29:12,555 INFO  [restartedMain] ServletWebServerApplicationContext: Root WebApplicationContext: initialization completed in 2429 ms
2022-06-27 10:29:13,070 INFO  [restartedMain] HikariDataSource: HikariPool-1 - Starting...
2022-06-27 10:29:13,421 INFO  [restartedMain] HikariDataSource: HikariPool-1 - Start completed.
2022-06-27 10:29:14,238 INFO  [restartedMain] LocalContainerEntityManagerFactoryBean: Initialized JPA EntityManagerFactory for persistence unit 'default'
2022-06-27 10:29:14,316 WARN  [restartedMain] JpaBaseConfiguration$JpaWebConfiguration: spring.jpa.open-in-view is enabled by default. Therefore, database queries may be performed during view rendering. Explicitly configure spring.jpa.open-in-view to disable this warning
2022-06-27 10:29:15,471 INFO  [restartedMain] PropertySourcedRequestMappingHandlerMapping: Mapped URL path [/v2/api-docs] onto method [springfox.documentation.swagger2.web.Swagger2Controller#getDocumentation(String, HttpServletRequest)]
2022-06-27 10:29:15,576 INFO  [restartedMain] UserDetailsServiceAutoConfiguration: 

Using generated security password: b55d8f67-4e1d-4eb0-a802-1328c4b6f99a

2022-06-27 10:29:15,657 INFO  [restartedMain] DefaultSecurityFilterChain: Will secure any request with [org.springframework.security.web.context.request.async.WebAsyncManagerIntegrationFilter@7eded89e, org.springframework.security.web.context.SecurityContextPersistenceFilter@474b3c2c, org.springframework.security.web.header.HeaderWriterFilter@5fa811a6, org.springframework.web.filter.CorsFilter@3e75cd07, org.springframework.security.web.authentication.logout.LogoutFilter@34965647, io.okkio.security.JwtAuthenticationFilter@7d6686eb, org.springframework.security.web.savedrequest.RequestCacheAwareFilter@718459e1, org.springframework.security.web.servletapi.SecurityContextHolderAwareRequestFilter@3630e033, org.springframework.security.web.authentication.AnonymousAuthenticationFilter@87f4fac, org.springframework.security.web.session.SessionManagementFilter@5f32d1b6, org.springframework.security.web.access.ExceptionTranslationFilter@68e5a711, org.springframework.security.web.access.intercept.FilterSecurityInterceptor@1af800c0]
2022-06-27 10:29:15,991 INFO  [restartedMain] OptionalLiveReloadServer: LiveReload server is running on port 35729
2022-06-27 10:29:16,101 WARN  [restartedMain] ThymeleafAutoConfiguration$DefaultTemplateResolverConfiguration: Cannot find template location: classpath:/templates/ (please add some templates or check your Thymeleaf configuration)
2022-06-27 10:29:16,555 INFO  [restartedMain] TomcatWebServer: Tomcat started on port(s): 8092 (http) with context path ''
2022-06-27 10:29:16,559 INFO  [restartedMain] DocumentationPluginsBootstrapper: Context refreshed
2022-06-27 10:29:16,569 INFO  [restartedMain] DocumentationPluginsBootstrapper: Found 1 custom documentation plugin(s)
2022-06-27 10:29:16,594 INFO  [restartedMain] ApiListingReferenceScanner: Scanning for api listing references
2022-06-27 10:29:16,808 INFO  [restartedMain] CachingOperationNameGenerator: Generating unique operation named: insertUsingPOST_1
2022-06-27 10:29:16,839 INFO  [restartedMain] OkkioApplication: Started OkkioApplication in 7.467 seconds (JVM running for 8.339)
2022-06-27 10:29:47,945 INFO  [http-nio-8092-exec-1] [/]: Initializing Spring DispatcherServlet 'dispatcherServlet'
2022-06-27 10:29:47,951 INFO  [http-nio-8092-exec-1] DispatcherServlet: Initializing Servlet 'dispatcherServlet'
2022-06-27 10:29:47,969 INFO  [http-nio-8092-exec-1] DispatcherServlet: Completed initialization in 11 ms
2022-06-27 10:29:48,231 WARN  [http-nio-8092-exec-1] SqlExceptionHelper: SQL Error: 1054, SQLState: 42S22
2022-06-27 10:29:48,232 ERROR [http-nio-8092-exec-1] SqlExceptionHelper: Unknown column 'user0_.order_id' in 'field list'
2022-06-27 10:29:48,252 ERROR [http-nio-8092-exec-1] [dispatcherServlet]: Servlet.service() for servlet [dispatcherServlet] in context with path [] threw exception [Request processing failed; nested exception is org.springframework.dao.InvalidDataAccessResourceUsageException: could not extract ResultSet; SQL [n/a]; nested exception is org.hibernate.exception.SQLGrammarException: could not extract ResultSet] with root cause
java.sql.SQLSyntaxErrorException: Unknown column 'user0_.order_id' in 'field list'
	at com.mysql.cj.jdbc.exceptions.SQLError.createSQLException(SQLError.java:120)
	at com.mysql.cj.jdbc.exceptions.SQLError.createSQLException(SQLError.java:97)
	at com.mysql.cj.jdbc.exceptions.SQLExceptionsMapping.translateException(SQLExceptionsMapping.java:122)
	at com.mysql.cj.jdbc.ClientPreparedStatement.executeInternal(ClientPreparedStatement.java:953)
	at com.mysql.cj.jdbc.ClientPreparedStatement.executeQuery(ClientPreparedStatement.java:1003)
	at com.zaxxer.hikari.pool.ProxyPreparedStatement.executeQuery(ProxyPreparedStatement.java:52)
	at com.zaxxer.hikari.pool.HikariProxyPreparedStatement.executeQuery(HikariProxyPreparedStatement.java)
	at org.hibernate.engine.jdbc.internal.ResultSetReturnImpl.extract(ResultSetReturnImpl.java:57)
	at org.hibernate.loader.Loader.getResultSet(Loader.java:2297)
	at org.hibernate.loader.Loader.executeQueryStatement(Loader.java:2050)
	at org.hibernate.loader.Loader.executeQueryStatement(Loader.java:2012)
	at org.hibernate.loader.Loader.doQuery(Loader.java:948)
	at org.hibernate.loader.Loader.doQueryAndInitializeNonLazyCollections(Loader.java:349)
	at org.hibernate.loader.Loader.doList(Loader.java:2843)
	at org.hibernate.loader.Loader.doList(Loader.java:2825)
	at org.hibernate.loader.Loader.listIgnoreQueryCache(Loader.java:2657)
	at org.hibernate.loader.Loader.list(Loader.java:2652)
	at org.hibernate.loader.hql.QueryLoader.list(QueryLoader.java:506)
	at org.hibernate.hql.internal.ast.QueryTranslatorImpl.list(QueryTranslatorImpl.java:400)
	at org.hibernate.engine.query.spi.HQLQueryPlan.performList(HQLQueryPlan.java:219)
	at org.hibernate.internal.SessionImpl.list(SessionImpl.java:1414)
	at org.hibernate.query.internal.AbstractProducedQuery.doList(AbstractProducedQuery.java:1636)
	at org.hibernate.query.internal.AbstractProducedQuery.list(AbstractProducedQuery.java:1604)
	at org.hibernate.query.internal.AbstractProducedQuery.getSingleResult(AbstractProducedQuery.java:1652)
	at org.hibernate.query.criteria.internal.compile.CriteriaQueryTypeQueryAdapter.getSingleResult(CriteriaQueryTypeQueryAdapter.java:111)
	at org.springframework.data.jpa.repository.query.JpaQueryExecution$SingleEntityExecution.doExecute(JpaQueryExecution.java:196)
	at org.springframework.data.jpa.repository.query.JpaQueryExecution.execute(JpaQueryExecution.java:88)
	at org.springframework.data.jpa.repository.query.AbstractJpaQuery.doExecute(AbstractJpaQuery.java:155)
	at org.springframework.data.jpa.repository.query.AbstractJpaQuery.execute(AbstractJpaQuery.java:143)
	at org.springframework.data.repository.core.support.RepositoryMethodInvoker.doInvoke(RepositoryMethodInvoker.java:137)
	at org.springframework.data.repository.core.support.RepositoryMethodInvoker.invoke(RepositoryMethodInvoker.java:121)
	at org.springframework.data.repository.core.support.QueryExecutorMethodInterceptor.doInvoke(QueryExecutorMethodInterceptor.java:159)
	at org.springframework.data.repository.core.support.QueryExecutorMethodInterceptor.invoke(QueryExecutorMethodInterceptor.java:138)
	at org.springframework.aop.framework.ReflectiveMethodInvocation.proceed(ReflectiveMethodInvocation.java:186)
	at org.springframework.data.projection.DefaultMethodInvokingMethodInterceptor.invoke(DefaultMethodInvokingMethodInterceptor.java:80)
	at org.springframework.aop.framework.ReflectiveMethodInvocation.proceed(ReflectiveMethodInvocation.java:186)
	at org.springframework.transaction.interceptor.TransactionInterceptor$1.proceedWithInvocation(TransactionInterceptor.java:123)
	at org.springframework.transaction.interceptor.TransactionAspectSupport.invokeWithinTransaction(TransactionAspectSupport.java:388)
	at org.springframework.transaction.interceptor.TransactionInterceptor.invoke(TransactionInterceptor.java:119)
	at org.springframework.aop.framework.ReflectiveMethodInvocation.proceed(ReflectiveMethodInvocation.java:186)
	at org.springframework.dao.support.PersistenceExceptionTranslationInterceptor.invoke(PersistenceExceptionTranslationInterceptor.java:137)
	at org.springframework.aop.framework.ReflectiveMethodInvocation.proceed(ReflectiveMethodInvocation.java:186)
	at org.springframework.data.jpa.repository.support.CrudMethodMetadataPostProcessor$CrudMethodMetadataPopulatingMethodInterceptor.invoke(CrudMethodMetadataPostProcessor.java:145)
	at org.springframework.aop.framework.ReflectiveMethodInvocation.proceed(ReflectiveMethodInvocation.java:186)
	at org.springframework.aop.interceptor.ExposeInvocationInterceptor.invoke(ExposeInvocationInterceptor.java:97)
	at org.springframework.aop.framework.ReflectiveMethodInvocation.proceed(ReflectiveMethodInvocation.java:186)
	at org.springframework.aop.framework.JdkDynamicAopProxy.invoke(JdkDynamicAopProxy.java:215)
	at com.sun.proxy.$Proxy112.findUserByEmail(Unknown Source)
	at io.okkio.services.impl.UserServicesImpl.findUserByEmailAndPassword(UserServicesImpl.java:114)
	at io.okkio.controllers.AuthController.getProfile(AuthController.java:145)
	at java.base/jdk.internal.reflect.NativeMethodAccessorImpl.invoke0(Native Method)
	at java.base/jdk.internal.reflect.NativeMethodAccessorImpl.invoke(NativeMethodAccessorImpl.java:62)
	at java.base/jdk.internal.reflect.DelegatingMethodAccessorImpl.invoke(DelegatingMethodAccessorImpl.java:43)
	at java.base/java.lang.reflect.Method.invoke(Method.java:567)
	at org.springframework.web.method.support.InvocableHandlerMethod.doInvoke(InvocableHandlerMethod.java:197)
	at org.springframework.web.method.support.InvocableHandlerMethod.invokeForRequest(InvocableHandlerMethod.java:141)
	at org.springframework.web.servlet.mvc.method.annotation.ServletInvocableHandlerMethod.invokeAndHandle(ServletInvocableHandlerMethod.java:106)
	at org.springframework.web.servlet.mvc.method.annotation.RequestMappingHandlerAdapter.invokeHandlerMethod(RequestMappingHandlerAdapter.java:895)
	at org.springframework.web.servlet.mvc.method.annotation.RequestMappingHandlerAdapter.handleInternal(RequestMappingHandlerAdapter.java:808)
	at org.springframework.web.servlet.mvc.method.AbstractHandlerMethodAdapter.handle(AbstractHandlerMethodAdapter.java:87)
	at org.springframework.web.servlet.DispatcherServlet.doDispatch(DispatcherServlet.java:1064)
	at org.springframework.web.servlet.DispatcherServlet.doService(DispatcherServlet.java:963)
	at org.springframework.web.servlet.FrameworkServlet.processRequest(FrameworkServlet.java:1006)
	at org.springframework.web.servlet.FrameworkServlet.doPost(FrameworkServlet.java:909)
	at javax.servlet.http.HttpServlet.service(HttpServlet.java:681)
	at org.springframework.web.servlet.FrameworkServlet.service(FrameworkServlet.java:883)
	at javax.servlet.http.HttpServlet.service(HttpServlet.java:764)
	at org.apache.catalina.core.ApplicationFilterChain.internalDoFilter(ApplicationFilterChain.java:227)
	at org.apache.catalina.core.ApplicationFilterChain.doFilter(ApplicationFilterChain.java:162)
	at org.springframework.security.web.FilterChainProxy$VirtualFilterChain.doFilter(FilterChainProxy.java:327)
	at org.springframework.security.web.access.intercept.FilterSecurityInterceptor.invoke(FilterSecurityInterceptor.java:115)
	at org.springframework.security.web.access.intercept.FilterSecurityInterceptor.doFilter(FilterSecurityInterceptor.java:81)
	at org.springframework.security.web.FilterChainProxy$VirtualFilterChain.doFilter(FilterChainProxy.java:336)
	at org.springframework.security.web.access.ExceptionTranslationFilter.doFilter(ExceptionTranslationFilter.java:121)
	at org.springframework.security.web.access.ExceptionTranslationFilter.doFilter(ExceptionTranslationFilter.java:115)
	at org.springframework.security.web.FilterChainProxy$VirtualFilterChain.doFilter(FilterChainProxy.java:336)
	at org.springframework.security.web.session.SessionManagementFilter.doFilter(SessionManagementFilter.java:126)
	at org.springframework.security.web.session.SessionManagementFilter.doFilter(SessionManagementFilter.java:81)
	at org.springframework.security.web.FilterChainProxy$VirtualFilterChain.doFilter(FilterChainProxy.java:336)
	at org.springframework.security.web.authentication.AnonymousAuthenticationFilter.doFilter(AnonymousAuthenticationFilter.java:105)
	at org.springframework.security.web.FilterChainProxy$VirtualFilterChain.doFilter(FilterChainProxy.java:336)
	at org.springframework.security.web.servletapi.SecurityContextHolderAwareRequestFilter.doFilter(SecurityContextHolderAwareRequestFilter.java:149)
	at org.springframework.security.web.FilterChainProxy$VirtualFilterChain.doFilter(FilterChainProxy.java:336)
	at org.springframework.security.web.savedrequest.RequestCacheAwareFilter.doFilter(RequestCacheAwareFilter.java:63)
	at org.springframework.security.web.FilterChainProxy$VirtualFilterChain.doFilter(FilterChainProxy.java:336)
	at io.okkio.security.JwtAuthenticationFilter.doFilterInternal(JwtAuthenticationFilter.java:68)
	at org.springframework.web.filter.OncePerRequestFilter.doFilter(OncePerRequestFilter.java:119)
	at org.springframework.security.web.FilterChainProxy$VirtualFilterChain.doFilter(FilterChainProxy.java:336)
	at org.springframework.security.web.authentication.logout.LogoutFilter.doFilter(LogoutFilter.java:103)
	at org.springframework.security.web.authentication.logout.LogoutFilter.doFilter(LogoutFilter.java:89)
	at org.springframework.security.web.FilterChainProxy$VirtualFilterChain.doFilter(FilterChainProxy.java:336)
	at org.springframework.web.filter.CorsFilter.doFilterInternal(CorsFilter.java:91)
	at org.springframework.web.filter.OncePerRequestFilter.doFilter(OncePerRequestFilter.java:119)
	at org.springframework.security.web.FilterChainProxy$VirtualFilterChain.doFilter(FilterChainProxy.java:336)
	at org.springframework.security.web.header.HeaderWriterFilter.doHeadersAfter(HeaderWriterFilter.java:90)
	at org.springframework.security.web.header.HeaderWriterFilter.doFilterInternal(HeaderWriterFilter.java:75)
	at org.springframework.web.filter.OncePerRequestFilter.doFilter(OncePerRequestFilter.java:119)
	at org.springframework.security.web.FilterChainProxy$VirtualFilterChain.doFilter(FilterChainProxy.java:336)
	at org.springframework.security.web.context.SecurityContextPersistenceFilter.doFilter(SecurityContextPersistenceFilter.java:110)
	at org.springframework.security.web.context.SecurityContextPersistenceFilter.doFilter(SecurityContextPersistenceFilter.java:80)
	at org.springframework.security.web.FilterChainProxy$VirtualFilterChain.doFilter(FilterChainProxy.java:336)
	at org.springframework.security.web.context.request.async.WebAsyncManagerIntegrationFilter.doFilterInternal(WebAsyncManagerIntegrationFilter.java:55)
	at org.springframework.web.filter.OncePerRequestFilter.doFilter(OncePerRequestFilter.java:119)
	at org.springframework.security.web.FilterChainProxy$VirtualFilterChain.doFilter(FilterChainProxy.java:336)
	at org.springframework.security.web.FilterChainProxy.doFilterInternal(FilterChainProxy.java:211)
	at org.springframework.security.web.FilterChainProxy.doFilter(FilterChainProxy.java:183)
	at org.springframework.web.filter.DelegatingFilterProxy.invokeDelegate(DelegatingFilterProxy.java:358)
	at org.springframework.web.filter.DelegatingFilterProxy.doFilter(DelegatingFilterProxy.java:271)
	at org.apache.catalina.core.ApplicationFilterChain.internalDoFilter(ApplicationFilterChain.java:189)
	at org.apache.catalina.core.ApplicationFilterChain.doFilter(ApplicationFilterChain.java:162)
	at org.springframework.web.filter.RequestContextFilter.doFilterInternal(RequestContextFilter.java:100)
	at org.springframework.web.filter.OncePerRequestFilter.doFilter(OncePerRequestFilter.java:119)
	at org.apache.catalina.core.ApplicationFilterChain.internalDoFilter(ApplicationFilterChain.java:189)
	at org.apache.catalina.core.ApplicationFilterChain.doFilter(ApplicationFilterChain.java:162)
	at org.springframework.web.filter.FormContentFilter.doFilterInternal(FormContentFilter.java:93)
	at org.springframework.web.filter.OncePerRequestFilter.doFilter(OncePerRequestFilter.java:119)
	at org.apache.catalina.core.ApplicationFilterChain.internalDoFilter(ApplicationFilterChain.java:189)
	at org.apache.catalina.core.ApplicationFilterChain.doFilter(ApplicationFilterChain.java:162)
	at org.springframework.web.filter.CharacterEncodingFilter.doFilterInternal(CharacterEncodingFilter.java:201)
	at org.springframework.web.filter.OncePerRequestFilter.doFilter(OncePerRequestFilter.java:119)
	at org.apache.catalina.core.ApplicationFilterChain.internalDoFilter(ApplicationFilterChain.java:189)
	at org.apache.catalina.core.ApplicationFilterChain.doFilter(ApplicationFilterChain.java:162)
	at org.apache.catalina.core.StandardWrapperValve.invoke(StandardWrapperValve.java:197)
	at org.apache.catalina.core.StandardContextValve.invoke(StandardContextValve.java:97)
	at org.apache.catalina.authenticator.AuthenticatorBase.invoke(AuthenticatorBase.java:542)
	at org.apache.catalina.core.StandardHostValve.invoke(StandardHostValve.java:135)
	at org.apache.catalina.valves.ErrorReportValve.invoke(ErrorReportValve.java:92)
	at org.apache.catalina.core.StandardEngineValve.invoke(StandardEngineValve.java:78)
	at org.apache.catalina.connector.CoyoteAdapter.service(CoyoteAdapter.java:357)
	at org.apache.coyote.http11.Http11Processor.service(Http11Processor.java:382)
	at org.apache.coyote.AbstractProcessorLight.process(AbstractProcessorLight.java:65)
	at org.apache.coyote.AbstractProtocol$ConnectionHandler.process(AbstractProtocol.java:893)
	at org.apache.tomcat.util.net.NioEndpoint$SocketProcessor.doRun(NioEndpoint.java:1726)
	at org.apache.tomcat.util.net.SocketProcessorBase.run(SocketProcessorBase.java:49)
	at org.apache.tomcat.util.threads.ThreadPoolExecutor.runWorker(ThreadPoolExecutor.java:1191)
	at org.apache.tomcat.util.threads.ThreadPoolExecutor$Worker.run(ThreadPoolExecutor.java:659)
	at org.apache.tomcat.util.threads.TaskThread$WrappingRunnable.run(TaskThread.java:61)
	at java.base/java.lang.Thread.run(Thread.java:830)
2022-06-27 10:46:23,714 ERROR [http-nio-8092-exec-1] JwtTokenProvider: Expired JWT tokenJWT expired at 2022-06-27T10:46:16Z. Current time: 2022-06-27T10:46:23Z, a difference of 7703 milliseconds.  Allowed clock skew: 0 milliseconds.
2022-06-27 10:46:29,344 ERROR [http-nio-8092-exec-3] JwtTokenProvider: Expired JWT tokenJWT expired at 2022-06-27T10:46:16Z. Current time: 2022-06-27T10:46:29Z, a difference of 13343 milliseconds.  Allowed clock skew: 0 milliseconds.
2022-06-27 10:46:34,601 ERROR [http-nio-8092-exec-4] JwtTokenProvider: Expired JWT tokenJWT expired at 2022-06-27T10:46:16Z. Current time: 2022-06-27T10:46:34Z, a difference of 18600 milliseconds.  Allowed clock skew: 0 milliseconds.
2022-06-27 10:46:41,365 ERROR [http-nio-8092-exec-5] JwtTokenProvider: Expired JWT tokenJWT expired at 2022-06-27T10:46:16Z. Current time: 2022-06-27T10:46:41Z, a difference of 25365 milliseconds.  Allowed clock skew: 0 milliseconds.
2022-06-27 10:46:56,960 WARN  [http-nio-8092-exec-6] DefaultHandlerExceptionResolver: Resolved [org.springframework.http.converter.HttpMessageNotReadableException: JSON parse error: Unexpected end-of-input: expected close marker for Object (start marker at [Source: (PushbackInputStream); line: 1, column: 1]); nested exception is com.fasterxml.jackson.core.io.JsonEOFException: Unexpected end-of-input: expected close marker for Object (start marker at [Source: (PushbackInputStream); line: 1, column: 1])
 at [Source: (PushbackInputStream); line: 4, column: 22]]
2022-06-27 16:49:52,457 INFO  [restartedMain] OkkioApplication: Starting OkkioApplication using Java 13.0.8 on Ais-MacBook-Pro.local with PID 45992 (/Users/aitd/IdeaProjects/okkio-be/okkio-api/target/classes started by aitd in /Users/aitd/IdeaProjects/okkio-be)
2022-06-27 16:49:52,466 INFO  [restartedMain] OkkioApplication: The following profiles are active: swagger,dev
2022-06-27 16:49:52,536 INFO  [restartedMain] DevToolsPropertyDefaultsPostProcessor: Devtools property defaults active! Set 'spring.devtools.add-properties' to 'false' to disable
2022-06-27 16:49:52,537 INFO  [restartedMain] DevToolsPropertyDefaultsPostProcessor: For additional web related logging consider setting the 'logging.level.web' property to 'DEBUG'
2022-06-27 16:49:54,062 INFO  [restartedMain] RepositoryConfigurationDelegate: Multiple Spring Data modules found, entering strict repository configuration mode!
2022-06-27 16:49:54,063 INFO  [restartedMain] RepositoryConfigurationDelegate: Bootstrapping Spring Data JPA repositories in DEFAULT mode.
2022-06-27 16:49:54,195 INFO  [restartedMain] RepositoryConfigurationDelegate: Finished Spring Data repository scanning in 127 ms. Found 5 JPA repository interfaces.
2022-06-27 16:49:54,218 INFO  [restartedMain] RepositoryConfigurationDelegate: Multiple Spring Data modules found, entering strict repository configuration mode!
2022-06-27 16:49:54,220 INFO  [restartedMain] RepositoryConfigurationDelegate: Bootstrapping Spring Data Redis repositories in DEFAULT mode.
2022-06-27 16:49:54,237 INFO  [restartedMain] RepositoryConfigurationExtensionSupport: Spring Data Redis - Could not safely identify store assignment for repository candidate interface io.okkio.repository.CategoryRepository. If you want this repository to be a Redis repository, consider annotating your entities with one of these annotations: org.springframework.data.redis.core.RedisHash (preferred), or consider extending one of the following types with your repository: org.springframework.data.keyvalue.repository.KeyValueRepository.
2022-06-27 16:49:54,243 INFO  [restartedMain] RepositoryConfigurationExtensionSupport: Spring Data Redis - Could not safely identify store assignment for repository candidate interface io.okkio.repository.RefreshTokenRepository. If you want this repository to be a Redis repository, consider annotating your entities with one of these annotations: org.springframework.data.redis.core.RedisHash (preferred), or consider extending one of the following types with your repository: org.springframework.data.keyvalue.repository.KeyValueRepository.
2022-06-27 16:49:54,243 INFO  [restartedMain] RepositoryConfigurationExtensionSupport: Spring Data Redis - Could not safely identify store assignment for repository candidate interface io.okkio.repository.RoleRepository. If you want this repository to be a Redis repository, consider annotating your entities with one of these annotations: org.springframework.data.redis.core.RedisHash (preferred), or consider extending one of the following types with your repository: org.springframework.data.keyvalue.repository.KeyValueRepository.
2022-06-27 16:49:54,244 INFO  [restartedMain] RepositoryConfigurationExtensionSupport: Spring Data Redis - Could not safely identify store assignment for repository candidate interface io.okkio.repository.UserRepository. If you want this repository to be a Redis repository, consider annotating your entities with one of these annotations: org.springframework.data.redis.core.RedisHash (preferred), or consider extending one of the following types with your repository: org.springframework.data.keyvalue.repository.KeyValueRepository.
2022-06-27 16:49:54,244 INFO  [restartedMain] RepositoryConfigurationExtensionSupport: Spring Data Redis - Could not safely identify store assignment for repository candidate interface io.okkio.repository.UtilRepository. If you want this repository to be a Redis repository, consider annotating your entities with one of these annotations: org.springframework.data.redis.core.RedisHash (preferred), or consider extending one of the following types with your repository: org.springframework.data.keyvalue.repository.KeyValueRepository.
2022-06-27 16:49:54,245 INFO  [restartedMain] RepositoryConfigurationDelegate: Finished Spring Data repository scanning in 19 ms. Found 0 Redis repository interfaces.
2022-06-27 16:49:55,165 INFO  [restartedMain] PostProcessorRegistrationDelegate$BeanPostProcessorChecker: Bean 'org.springframework.security.access.expression.method.DefaultMethodSecurityExpressionHandler@1c11b2c9' of type [org.springframework.security.access.expression.method.DefaultMethodSecurityExpressionHandler] is not eligible for getting processed by all BeanPostProcessors (for example: not eligible for auto-proxying)
2022-06-27 16:49:55,195 INFO  [restartedMain] PostProcessorRegistrationDelegate$BeanPostProcessorChecker: Bean 'methodSecurityMetadataSource' of type [org.springframework.security.access.method.DelegatingMethodSecurityMetadataSource] is not eligible for getting processed by all BeanPostProcessors (for example: not eligible for auto-proxying)
2022-06-27 16:49:55,511 INFO  [restartedMain] TomcatWebServer: Tomcat initialized with port(s): 8092 (http)
2022-06-27 16:49:55,518 INFO  [restartedMain] StandardService: Starting service [Tomcat]
2022-06-27 16:49:55,519 INFO  [restartedMain] StandardEngine: Starting Servlet engine: [Apache Tomcat/9.0.52]
2022-06-27 16:49:55,608 INFO  [restartedMain] [/]: Initializing Spring embedded WebApplicationContext
2022-06-27 16:49:55,609 INFO  [restartedMain] ServletWebServerApplicationContext: Root WebApplicationContext: initialization completed in 3072 ms
2022-06-27 16:49:56,303 INFO  [restartedMain] HikariDataSource: HikariPool-1 - Starting...
2022-06-27 16:49:56,861 INFO  [restartedMain] HikariDataSource: HikariPool-1 - Start completed.
2022-06-27 16:49:57,839 INFO  [restartedMain] LocalContainerEntityManagerFactoryBean: Initialized JPA EntityManagerFactory for persistence unit 'default'
2022-06-27 16:49:57,932 WARN  [restartedMain] JpaBaseConfiguration$JpaWebConfiguration: spring.jpa.open-in-view is enabled by default. Therefore, database queries may be performed during view rendering. Explicitly configure spring.jpa.open-in-view to disable this warning
2022-06-27 16:49:59,483 INFO  [restartedMain] PropertySourcedRequestMappingHandlerMapping: Mapped URL path [/v2/api-docs] onto method [springfox.documentation.swagger2.web.Swagger2Controller#getDocumentation(String, HttpServletRequest)]
2022-06-27 16:49:59,556 INFO  [restartedMain] UserDetailsServiceAutoConfiguration: 

Using generated security password: 0e190c99-56c4-420c-88d5-e6685e85dd0a

2022-06-27 16:49:59,625 INFO  [restartedMain] DefaultSecurityFilterChain: Will secure any request with [org.springframework.security.web.context.request.async.WebAsyncManagerIntegrationFilter@97b657b, org.springframework.security.web.context.SecurityContextPersistenceFilter@63c9a372, org.springframework.security.web.header.HeaderWriterFilter@6f3c83bb, org.springframework.web.filter.CorsFilter@45375efb, org.springframework.security.web.authentication.logout.LogoutFilter@530dd13f, io.okkio.security.JwtAuthenticationFilter@34c91290, org.springframework.security.web.savedrequest.RequestCacheAwareFilter@6499e359, org.springframework.security.web.servletapi.SecurityContextHolderAwareRequestFilter@1cfff65c, org.springframework.security.web.authentication.AnonymousAuthenticationFilter@2d6a6e68, org.springframework.security.web.session.SessionManagementFilter@59cb9874, org.springframework.security.web.access.ExceptionTranslationFilter@6de2ef48, org.springframework.security.web.access.intercept.FilterSecurityInterceptor@47352bfe]
2022-06-27 16:49:59,858 INFO  [restartedMain] OptionalLiveReloadServer: LiveReload server is running on port 35729
2022-06-27 16:49:59,970 WARN  [restartedMain] ThymeleafAutoConfiguration$DefaultTemplateResolverConfiguration: Cannot find template location: classpath:/templates/ (please add some templates or check your Thymeleaf configuration)
2022-06-27 16:50:00,381 INFO  [restartedMain] TomcatWebServer: Tomcat started on port(s): 8092 (http) with context path ''
2022-06-27 16:50:00,382 INFO  [restartedMain] DocumentationPluginsBootstrapper: Context refreshed
2022-06-27 16:50:00,391 INFO  [restartedMain] DocumentationPluginsBootstrapper: Found 1 custom documentation plugin(s)
2022-06-27 16:50:00,415 INFO  [restartedMain] ApiListingReferenceScanner: Scanning for api listing references
2022-06-27 16:50:00,594 INFO  [restartedMain] CachingOperationNameGenerator: Generating unique operation named: insertUsingPOST_1
2022-06-27 16:50:00,603 INFO  [restartedMain] CachingOperationNameGenerator: Generating unique operation named: addUsingPOST_1
2022-06-27 16:50:00,613 INFO  [restartedMain] CachingOperationNameGenerator: Generating unique operation named: deleteUsingDELETE_1
2022-06-27 16:50:00,617 INFO  [restartedMain] CachingOperationNameGenerator: Generating unique operation named: updateUsingPUT_1
2022-06-27 16:50:00,654 INFO  [restartedMain] OkkioApplication: Started OkkioApplication in 9.08 seconds (JVM running for 11.663)
2022-06-27 16:54:23,225 INFO  [http-nio-8092-exec-1] [/]: Initializing Spring DispatcherServlet 'dispatcherServlet'
2022-06-27 16:54:23,231 INFO  [http-nio-8092-exec-1] DispatcherServlet: Initializing Servlet 'dispatcherServlet'
2022-06-27 16:54:23,241 INFO  [http-nio-8092-exec-1] DispatcherServlet: Completed initialization in 9 ms
