2022-06-28 14:41:15,506 INFO  [restartedMain] OkkioApplication: Starting OkkioApplication using Java 13.0.8 on Ais-MacBook-Pro.local with PID 53013 (/Users/aitd/IdeaProjects/okkio-be/okkio-api/target/classes started by aitd in /Users/aitd/IdeaProjects/okkio-be)
2022-06-28 14:41:15,513 INFO  [restartedMain] OkkioApplication: The following profiles are active: swagger,dev
2022-06-28 14:41:15,627 INFO  [restartedMain] DevToolsPropertyDefaultsPostProcessor: Devtools property defaults active! Set 'spring.devtools.add-properties' to 'false' to disable
2022-06-28 14:41:15,629 INFO  [restartedMain] DevToolsPropertyDefaultsPostProcessor: For additional web related logging consider setting the 'logging.level.web' property to 'DEBUG'
2022-06-28 14:41:16,879 INFO  [restartedMain] RepositoryConfigurationDelegate: Multiple Spring Data modules found, entering strict repository configuration mode!
2022-06-28 14:41:16,882 INFO  [restartedMain] RepositoryConfigurationDelegate: Bootstrapping Spring Data JPA repositories in DEFAULT mode.
2022-06-28 14:41:17,000 INFO  [restartedMain] RepositoryConfigurationDelegate: Finished Spring Data repository scanning in 113 ms. Found 7 JPA repository interfaces.
2022-06-28 14:41:17,029 INFO  [restartedMain] RepositoryConfigurationDelegate: Multiple Spring Data modules found, entering strict repository configuration mode!
2022-06-28 14:41:17,029 INFO  [restartedMain] RepositoryConfigurationDelegate: Bootstrapping Spring Data Redis repositories in DEFAULT mode.
2022-06-28 14:41:17,047 INFO  [restartedMain] RepositoryConfigurationExtensionSupport: Spring Data Redis - Could not safely identify store assignment for repository candidate interface io.okkio.repository.CategoryRepository. If you want this repository to be a Redis repository, consider annotating your entities with one of these annotations: org.springframework.data.redis.core.RedisHash (preferred), or consider extending one of the following types with your repository: org.springframework.data.keyvalue.repository.KeyValueRepository.
2022-06-28 14:41:17,049 INFO  [restartedMain] RepositoryConfigurationExtensionSupport: Spring Data Redis - Could not safely identify store assignment for repository candidate interface io.okkio.repository.ProductDetailRepository. If you want this repository to be a Redis repository, consider annotating your entities with one of these annotations: org.springframework.data.redis.core.RedisHash (preferred), or consider extending one of the following types with your repository: org.springframework.data.keyvalue.repository.KeyValueRepository.
2022-06-28 14:41:17,051 INFO  [restartedMain] RepositoryConfigurationExtensionSupport: Spring Data Redis - Could not safely identify store assignment for repository candidate interface io.okkio.repository.ProductRepository. If you want this repository to be a Redis repository, consider annotating your entities with one of these annotations: org.springframework.data.redis.core.RedisHash (preferred), or consider extending one of the following types with your repository: org.springframework.data.keyvalue.repository.KeyValueRepository.
2022-06-28 14:41:17,051 INFO  [restartedMain] RepositoryConfigurationExtensionSupport: Spring Data Redis - Could not safely identify store assignment for repository candidate interface io.okkio.repository.RefreshTokenRepository. If you want this repository to be a Redis repository, consider annotating your entities with one of these annotations: org.springframework.data.redis.core.RedisHash (preferred), or consider extending one of the following types with your repository: org.springframework.data.keyvalue.repository.KeyValueRepository.
2022-06-28 14:41:17,052 INFO  [restartedMain] RepositoryConfigurationExtensionSupport: Spring Data Redis - Could not safely identify store assignment for repository candidate interface io.okkio.repository.RoleRepository. If you want this repository to be a Redis repository, consider annotating your entities with one of these annotations: org.springframework.data.redis.core.RedisHash (preferred), or consider extending one of the following types with your repository: org.springframework.data.keyvalue.repository.KeyValueRepository.
2022-06-28 14:41:17,053 INFO  [restartedMain] RepositoryConfigurationExtensionSupport: Spring Data Redis - Could not safely identify store assignment for repository candidate interface io.okkio.repository.UserRepository. If you want this repository to be a Redis repository, consider annotating your entities with one of these annotations: org.springframework.data.redis.core.RedisHash (preferred), or consider extending one of the following types with your repository: org.springframework.data.keyvalue.repository.KeyValueRepository.
2022-06-28 14:41:17,054 INFO  [restartedMain] RepositoryConfigurationExtensionSupport: Spring Data Redis - Could not safely identify store assignment for repository candidate interface io.okkio.repository.UtilRepository. If you want this repository to be a Redis repository, consider annotating your entities with one of these annotations: org.springframework.data.redis.core.RedisHash (preferred), or consider extending one of the following types with your repository: org.springframework.data.keyvalue.repository.KeyValueRepository.
2022-06-28 14:41:17,054 INFO  [restartedMain] RepositoryConfigurationDelegate: Finished Spring Data repository scanning in 19 ms. Found 0 Redis repository interfaces.
2022-06-28 14:41:17,506 INFO  [restartedMain] PostProcessorRegistrationDelegate$BeanPostProcessorChecker: Bean 'org.springframework.security.access.expression.method.DefaultMethodSecurityExpressionHandler@208b76e6' of type [org.springframework.security.access.expression.method.DefaultMethodSecurityExpressionHandler] is not eligible for getting processed by all BeanPostProcessors (for example: not eligible for auto-proxying)
2022-06-28 14:41:17,513 INFO  [restartedMain] PostProcessorRegistrationDelegate$BeanPostProcessorChecker: Bean 'methodSecurityMetadataSource' of type [org.springframework.security.access.method.DelegatingMethodSecurityMetadataSource] is not eligible for getting processed by all BeanPostProcessors (for example: not eligible for auto-proxying)
2022-06-28 14:41:17,809 INFO  [restartedMain] TomcatWebServer: Tomcat initialized with port(s): 8092 (http)
2022-06-28 14:41:17,815 INFO  [restartedMain] StandardService: Starting service [Tomcat]
2022-06-28 14:41:17,815 INFO  [restartedMain] StandardEngine: Starting Servlet engine: [Apache Tomcat/9.0.52]
2022-06-28 14:41:17,883 INFO  [restartedMain] [/]: Initializing Spring embedded WebApplicationContext
2022-06-28 14:41:17,883 INFO  [restartedMain] ServletWebServerApplicationContext: Root WebApplicationContext: initialization completed in 2253 ms
2022-06-28 14:41:18,420 INFO  [restartedMain] HikariDataSource: HikariPool-1 - Starting...
2022-06-28 14:41:18,834 INFO  [restartedMain] HikariDataSource: HikariPool-1 - Start completed.
2022-06-28 14:41:19,711 INFO  [restartedMain] LocalContainerEntityManagerFactoryBean: Initialized JPA EntityManagerFactory for persistence unit 'default'
2022-06-28 14:41:19,780 WARN  [restartedMain] JpaBaseConfiguration$JpaWebConfiguration: spring.jpa.open-in-view is enabled by default. Therefore, database queries may be performed during view rendering. Explicitly configure spring.jpa.open-in-view to disable this warning
2022-06-28 14:41:21,097 INFO  [restartedMain] PropertySourcedRequestMappingHandlerMapping: Mapped URL path [/v2/api-docs] onto method [springfox.documentation.swagger2.web.Swagger2Controller#getDocumentation(String, HttpServletRequest)]
2022-06-28 14:41:21,160 INFO  [restartedMain] UserDetailsServiceAutoConfiguration: 

Using generated security password: 376946c5-169e-45ee-8770-0e5f8c29eb66

2022-06-28 14:41:21,225 INFO  [restartedMain] DefaultSecurityFilterChain: Will secure any request with [org.springframework.security.web.context.request.async.WebAsyncManagerIntegrationFilter@69e41d97, org.springframework.security.web.context.SecurityContextPersistenceFilter@365b7e4f, org.springframework.security.web.header.HeaderWriterFilter@7a59b955, org.springframework.web.filter.CorsFilter@4794177d, org.springframework.security.web.authentication.logout.LogoutFilter@1c610a33, io.okkio.security.JwtAuthenticationFilter@2d56acf3, org.springframework.security.web.savedrequest.RequestCacheAwareFilter@4ecea59f, org.springframework.security.web.servletapi.SecurityContextHolderAwareRequestFilter@3e9624fe, org.springframework.security.web.authentication.AnonymousAuthenticationFilter@4596b42b, org.springframework.security.web.session.SessionManagementFilter@4a42d57e, org.springframework.security.web.access.ExceptionTranslationFilter@7d214889, org.springframework.security.web.access.intercept.FilterSecurityInterceptor@35540cf4]
2022-06-28 14:41:21,372 INFO  [restartedMain] OptionalLiveReloadServer: LiveReload server is running on port 35729
2022-06-28 14:41:21,456 WARN  [restartedMain] ThymeleafAutoConfiguration$DefaultTemplateResolverConfiguration: Cannot find template location: classpath:/templates/ (please add some templates or check your Thymeleaf configuration)
2022-06-28 14:41:21,826 INFO  [restartedMain] TomcatWebServer: Tomcat started on port(s): 8092 (http) with context path ''
2022-06-28 14:41:21,828 INFO  [restartedMain] DocumentationPluginsBootstrapper: Context refreshed
2022-06-28 14:41:21,837 INFO  [restartedMain] DocumentationPluginsBootstrapper: Found 1 custom documentation plugin(s)
2022-06-28 14:41:21,864 INFO  [restartedMain] ApiListingReferenceScanner: Scanning for api listing references
2022-06-28 14:41:22,033 INFO  [restartedMain] CachingOperationNameGenerator: Generating unique operation named: addUsingPOST_1
2022-06-28 14:41:22,038 INFO  [restartedMain] CachingOperationNameGenerator: Generating unique operation named: deleteUsingDELETE_1
2022-06-28 14:41:22,043 INFO  [restartedMain] CachingOperationNameGenerator: Generating unique operation named: updateUsingPUT_1
2022-06-28 14:41:22,059 INFO  [restartedMain] CachingOperationNameGenerator: Generating unique operation named: addUsingPOST_2
2022-06-28 14:41:22,063 INFO  [restartedMain] CachingOperationNameGenerator: Generating unique operation named: deleteUsingDELETE_2
2022-06-28 14:41:22,068 INFO  [restartedMain] CachingOperationNameGenerator: Generating unique operation named: updateUsingPUT_2
2022-06-28 14:41:22,083 INFO  [restartedMain] CachingOperationNameGenerator: Generating unique operation named: insertUsingPOST_1
2022-06-28 14:41:22,085 INFO  [restartedMain] CachingOperationNameGenerator: Generating unique operation named: addUsingPOST_3
2022-06-28 14:41:22,091 INFO  [restartedMain] CachingOperationNameGenerator: Generating unique operation named: deleteUsingDELETE_3
2022-06-28 14:41:22,095 INFO  [restartedMain] CachingOperationNameGenerator: Generating unique operation named: updateUsingPUT_3
2022-06-28 14:41:22,121 INFO  [restartedMain] OkkioApplication: Started OkkioApplication in 7.352 seconds (JVM running for 8.355)
2022-06-28 14:42:34,441 INFO  [http-nio-8092-exec-1] [/]: Initializing Spring DispatcherServlet 'dispatcherServlet'
2022-06-28 14:42:34,448 INFO  [http-nio-8092-exec-1] DispatcherServlet: Initializing Servlet 'dispatcherServlet'
2022-06-28 14:42:34,483 INFO  [http-nio-8092-exec-1] DispatcherServlet: Completed initialization in 35 ms
2022-06-28 14:46:42,140 INFO  [restartedMain] OkkioApplication: Starting OkkioApplication using Java 13.0.8 on Ais-MacBook-Pro.local with PID 53076 (/Users/aitd/IdeaProjects/okkio-be/okkio-api/target/classes started by aitd in /Users/aitd/IdeaProjects/okkio-be)
2022-06-28 14:46:42,145 INFO  [restartedMain] OkkioApplication: The following profiles are active: swagger,dev
2022-06-28 14:46:42,228 INFO  [restartedMain] DevToolsPropertyDefaultsPostProcessor: Devtools property defaults active! Set 'spring.devtools.add-properties' to 'false' to disable
2022-06-28 14:46:42,228 INFO  [restartedMain] DevToolsPropertyDefaultsPostProcessor: For additional web related logging consider setting the 'logging.level.web' property to 'DEBUG'
2022-06-28 14:46:43,461 INFO  [restartedMain] RepositoryConfigurationDelegate: Multiple Spring Data modules found, entering strict repository configuration mode!
2022-06-28 14:46:43,462 INFO  [restartedMain] RepositoryConfigurationDelegate: Bootstrapping Spring Data JPA repositories in DEFAULT mode.
2022-06-28 14:46:43,581 INFO  [restartedMain] RepositoryConfigurationDelegate: Finished Spring Data repository scanning in 114 ms. Found 7 JPA repository interfaces.
2022-06-28 14:46:43,604 INFO  [restartedMain] RepositoryConfigurationDelegate: Multiple Spring Data modules found, entering strict repository configuration mode!
2022-06-28 14:46:43,605 INFO  [restartedMain] RepositoryConfigurationDelegate: Bootstrapping Spring Data Redis repositories in DEFAULT mode.
2022-06-28 14:46:43,621 INFO  [restartedMain] RepositoryConfigurationExtensionSupport: Spring Data Redis - Could not safely identify store assignment for repository candidate interface io.okkio.repository.CategoryRepository. If you want this repository to be a Redis repository, consider annotating your entities with one of these annotations: org.springframework.data.redis.core.RedisHash (preferred), or consider extending one of the following types with your repository: org.springframework.data.keyvalue.repository.KeyValueRepository.
2022-06-28 14:46:43,627 INFO  [restartedMain] RepositoryConfigurationExtensionSupport: Spring Data Redis - Could not safely identify store assignment for repository candidate interface io.okkio.repository.ProductDetailRepository. If you want this repository to be a Redis repository, consider annotating your entities with one of these annotations: org.springframework.data.redis.core.RedisHash (preferred), or consider extending one of the following types with your repository: org.springframework.data.keyvalue.repository.KeyValueRepository.
2022-06-28 14:46:43,628 INFO  [restartedMain] RepositoryConfigurationExtensionSupport: Spring Data Redis - Could not safely identify store assignment for repository candidate interface io.okkio.repository.ProductRepository. If you want this repository to be a Redis repository, consider annotating your entities with one of these annotations: org.springframework.data.redis.core.RedisHash (preferred), or consider extending one of the following types with your repository: org.springframework.data.keyvalue.repository.KeyValueRepository.
2022-06-28 14:46:43,629 INFO  [restartedMain] RepositoryConfigurationExtensionSupport: Spring Data Redis - Could not safely identify store assignment for repository candidate interface io.okkio.repository.RefreshTokenRepository. If you want this repository to be a Redis repository, consider annotating your entities with one of these annotations: org.springframework.data.redis.core.RedisHash (preferred), or consider extending one of the following types with your repository: org.springframework.data.keyvalue.repository.KeyValueRepository.
2022-06-28 14:46:43,630 INFO  [restartedMain] RepositoryConfigurationExtensionSupport: Spring Data Redis - Could not safely identify store assignment for repository candidate interface io.okkio.repository.RoleRepository. If you want this repository to be a Redis repository, consider annotating your entities with one of these annotations: org.springframework.data.redis.core.RedisHash (preferred), or consider extending one of the following types with your repository: org.springframework.data.keyvalue.repository.KeyValueRepository.
2022-06-28 14:46:43,631 INFO  [restartedMain] RepositoryConfigurationExtensionSupport: Spring Data Redis - Could not safely identify store assignment for repository candidate interface io.okkio.repository.UserRepository. If you want this repository to be a Redis repository, consider annotating your entities with one of these annotations: org.springframework.data.redis.core.RedisHash (preferred), or consider extending one of the following types with your repository: org.springframework.data.keyvalue.repository.KeyValueRepository.
2022-06-28 14:46:43,631 INFO  [restartedMain] RepositoryConfigurationExtensionSupport: Spring Data Redis - Could not safely identify store assignment for repository candidate interface io.okkio.repository.UtilRepository. If you want this repository to be a Redis repository, consider annotating your entities with one of these annotations: org.springframework.data.redis.core.RedisHash (preferred), or consider extending one of the following types with your repository: org.springframework.data.keyvalue.repository.KeyValueRepository.
2022-06-28 14:46:43,632 INFO  [restartedMain] RepositoryConfigurationDelegate: Finished Spring Data repository scanning in 22 ms. Found 0 Redis repository interfaces.
2022-06-28 14:46:44,129 INFO  [restartedMain] PostProcessorRegistrationDelegate$BeanPostProcessorChecker: Bean 'org.springframework.security.access.expression.method.DefaultMethodSecurityExpressionHandler@531232bf' of type [org.springframework.security.access.expression.method.DefaultMethodSecurityExpressionHandler] is not eligible for getting processed by all BeanPostProcessors (for example: not eligible for auto-proxying)
2022-06-28 14:46:44,137 INFO  [restartedMain] PostProcessorRegistrationDelegate$BeanPostProcessorChecker: Bean 'methodSecurityMetadataSource' of type [org.springframework.security.access.method.DelegatingMethodSecurityMetadataSource] is not eligible for getting processed by all BeanPostProcessors (for example: not eligible for auto-proxying)
2022-06-28 14:46:44,398 INFO  [restartedMain] TomcatWebServer: Tomcat initialized with port(s): 8092 (http)
2022-06-28 14:46:44,403 INFO  [restartedMain] StandardService: Starting service [Tomcat]
2022-06-28 14:46:44,404 INFO  [restartedMain] StandardEngine: Starting Servlet engine: [Apache Tomcat/9.0.52]
2022-06-28 14:46:44,471 INFO  [restartedMain] [/]: Initializing Spring embedded WebApplicationContext
2022-06-28 14:46:44,471 INFO  [restartedMain] ServletWebServerApplicationContext: Root WebApplicationContext: initialization completed in 2242 ms
2022-06-28 14:46:44,977 INFO  [restartedMain] HikariDataSource: HikariPool-1 - Starting...
2022-06-28 14:46:45,326 INFO  [restartedMain] HikariDataSource: HikariPool-1 - Start completed.
2022-06-28 14:46:46,181 INFO  [restartedMain] LocalContainerEntityManagerFactoryBean: Initialized JPA EntityManagerFactory for persistence unit 'default'
2022-06-28 14:46:46,270 WARN  [restartedMain] JpaBaseConfiguration$JpaWebConfiguration: spring.jpa.open-in-view is enabled by default. Therefore, database queries may be performed during view rendering. Explicitly configure spring.jpa.open-in-view to disable this warning
2022-06-28 14:46:47,645 INFO  [restartedMain] PropertySourcedRequestMappingHandlerMapping: Mapped URL path [/v2/api-docs] onto method [springfox.documentation.swagger2.web.Swagger2Controller#getDocumentation(String, HttpServletRequest)]
2022-06-28 14:46:47,707 INFO  [restartedMain] UserDetailsServiceAutoConfiguration: 

Using generated security password: 68864276-a256-4d57-aa86-9c2470f9bb8e

2022-06-28 14:46:47,761 INFO  [restartedMain] DefaultSecurityFilterChain: Will secure any request with [org.springframework.security.web.context.request.async.WebAsyncManagerIntegrationFilter@773f31d0, org.springframework.security.web.context.SecurityContextPersistenceFilter@7e7d6571, org.springframework.security.web.header.HeaderWriterFilter@b5a55ac, org.springframework.web.filter.CorsFilter@11fadaf3, org.springframework.security.web.authentication.logout.LogoutFilter@1cea3148, io.okkio.security.JwtAuthenticationFilter@200e251b, org.springframework.security.web.savedrequest.RequestCacheAwareFilter@4642bc76, org.springframework.security.web.servletapi.SecurityContextHolderAwareRequestFilter@7339944a, org.springframework.security.web.authentication.AnonymousAuthenticationFilter@5921ce06, org.springframework.security.web.session.SessionManagementFilter@35c1198d, org.springframework.security.web.access.ExceptionTranslationFilter@7104e60f, org.springframework.security.web.access.intercept.FilterSecurityInterceptor@7524e24c]
2022-06-28 14:46:47,919 INFO  [restartedMain] OptionalLiveReloadServer: LiveReload server is running on port 35729
2022-06-28 14:46:48,005 WARN  [restartedMain] ThymeleafAutoConfiguration$DefaultTemplateResolverConfiguration: Cannot find template location: classpath:/templates/ (please add some templates or check your Thymeleaf configuration)
2022-06-28 14:46:48,368 INFO  [restartedMain] TomcatWebServer: Tomcat started on port(s): 8092 (http) with context path ''
2022-06-28 14:46:48,370 INFO  [restartedMain] DocumentationPluginsBootstrapper: Context refreshed
2022-06-28 14:46:48,379 INFO  [restartedMain] DocumentationPluginsBootstrapper: Found 1 custom documentation plugin(s)
2022-06-28 14:46:48,406 INFO  [restartedMain] ApiListingReferenceScanner: Scanning for api listing references
2022-06-28 14:46:48,576 INFO  [restartedMain] CachingOperationNameGenerator: Generating unique operation named: addUsingPOST_1
2022-06-28 14:46:48,582 INFO  [restartedMain] CachingOperationNameGenerator: Generating unique operation named: deleteUsingDELETE_1
2022-06-28 14:46:48,586 INFO  [restartedMain] CachingOperationNameGenerator: Generating unique operation named: updateUsingPUT_1
2022-06-28 14:46:48,601 INFO  [restartedMain] CachingOperationNameGenerator: Generating unique operation named: addUsingPOST_2
2022-06-28 14:46:48,606 INFO  [restartedMain] CachingOperationNameGenerator: Generating unique operation named: deleteUsingDELETE_2
2022-06-28 14:46:48,610 INFO  [restartedMain] CachingOperationNameGenerator: Generating unique operation named: updateUsingPUT_2
2022-06-28 14:46:48,627 INFO  [restartedMain] CachingOperationNameGenerator: Generating unique operation named: insertUsingPOST_1
2022-06-28 14:46:48,629 INFO  [restartedMain] CachingOperationNameGenerator: Generating unique operation named: addUsingPOST_3
2022-06-28 14:46:48,636 INFO  [restartedMain] CachingOperationNameGenerator: Generating unique operation named: deleteUsingDELETE_3
2022-06-28 14:46:48,638 INFO  [restartedMain] CachingOperationNameGenerator: Generating unique operation named: updateUsingPUT_3
2022-06-28 14:46:48,664 INFO  [restartedMain] OkkioApplication: Started OkkioApplication in 7.246 seconds (JVM running for 8.284)
2022-06-28 14:46:55,457 INFO  [http-nio-8092-exec-2] [/]: Initializing Spring DispatcherServlet 'dispatcherServlet'
2022-06-28 14:46:55,460 INFO  [http-nio-8092-exec-2] DispatcherServlet: Initializing Servlet 'dispatcherServlet'
2022-06-28 14:46:55,467 INFO  [http-nio-8092-exec-2] DispatcherServlet: Completed initialization in 6 ms
